Archive member included to satisfy reference by file (symbol)

app/libapp.a(main.c.obj)      (--whole-archive)
zephyr/libzephyr.a(cbprintf_packaged.c.obj)
                              (--whole-archive)
zephyr/libzephyr.a(dec.c.obj)
                              (--whole-archive)
zephyr/libzephyr.a(fdtable.c.obj)
                              (--whole-archive)
zephyr/libzephyr.a(hex.c.obj)
                              (--whole-archive)
zephyr/libzephyr.a(printk.c.obj)
                              (--whole-archive)
zephyr/libzephyr.a(rb.c.obj)  (--whole-archive)
zephyr/libzephyr.a(sem.c.obj)
                              (--whole-archive)
zephyr/libzephyr.a(thread_entry.c.obj)
                              (--whole-archive)
zephyr/libzephyr.a(timeutil.c.obj)
                              (--whole-archive)
zephyr/libzephyr.a(heap.c.obj)
                              (--whole-archive)
zephyr/libzephyr.a(heap-validate.c.obj)
                              (--whole-archive)
zephyr/libzephyr.a(bitarray.c.obj)
                              (--whole-archive)
zephyr/libzephyr.a(multi_heap.c.obj)
                              (--whole-archive)
zephyr/libzephyr.a(crc32c_sw.c.obj)
                              (--whole-archive)
zephyr/libzephyr.a(crc32_sw.c.obj)
                              (--whole-archive)
zephyr/libzephyr.a(crc16_sw.c.obj)
                              (--whole-archive)
zephyr/libzephyr.a(crc8_sw.c.obj)
                              (--whole-archive)
zephyr/libzephyr.a(crc7_sw.c.obj)
                              (--whole-archive)
zephyr/libzephyr.a(cbprintf_complete.c.obj)
                              (--whole-archive)
zephyr/libzephyr.a(cbprintf.c.obj)
                              (--whole-archive)
zephyr/libzephyr.a(assert.c.obj)
                              (--whole-archive)
zephyr/libzephyr.a(configs.c.obj)
                              (--whole-archive)
zephyr/libzephyr.a(log_core.c.obj)
                              (--whole-archive)
zephyr/libzephyr.a(log_mgmt.c.obj)
                              (--whole-archive)
zephyr/libzephyr.a(log_cache.c.obj)
                              (--whole-archive)
zephyr/libzephyr.a(log_msg.c.obj)
                              (--whole-archive)
zephyr/libzephyr.a(log_output.c.obj)
                              (--whole-archive)
zephyr/libzephyr.a(log_backend_uart.c.obj)
                              (--whole-archive)
zephyr/libzephyr.a(tracing_none.c.obj)
                              (--whole-archive)
zephyr/arch/common/libarch__common.a(sw_isr_common.c.obj)
                              (--whole-archive)
zephyr/arch/arch/arm/core/aarch32/libarch__arm__core__aarch32.a(cpu_idle.S.obj)
                              (--whole-archive)
zephyr/arch/arch/arm/core/aarch32/libarch__arm__core__aarch32.a(fatal.c.obj)
                              (--whole-archive)
zephyr/arch/arch/arm/core/aarch32/libarch__arm__core__aarch32.a(irq_manage.c.obj)
                              (--whole-archive)
zephyr/arch/arch/arm/core/aarch32/libarch__arm__core__aarch32.a(nmi.c.obj)
                              (--whole-archive)
zephyr/arch/arch/arm/core/aarch32/libarch__arm__core__aarch32.a(nmi_on_reset.S.obj)
                              (--whole-archive)
zephyr/arch/arch/arm/core/aarch32/libarch__arm__core__aarch32.a(prep_c.c.obj)
                              (--whole-archive)
zephyr/arch/arch/arm/core/aarch32/libarch__arm__core__aarch32.a(swap.c.obj)
                              (--whole-archive)
zephyr/arch/arch/arm/core/aarch32/libarch__arm__core__aarch32.a(swap_helper.S.obj)
                              (--whole-archive)
zephyr/arch/arch/arm/core/aarch32/libarch__arm__core__aarch32.a(thread.c.obj)
                              (--whole-archive)
zephyr/arch/arch/arm/core/aarch32/libarch__arm__core__aarch32.a(isr_wrapper.S.obj)
                              (--whole-archive)
zephyr/arch/arch/arm/core/aarch32/cortex_m/libarch__arm__core__aarch32__cortex_m.a(exc_exit.S.obj)
                              (--whole-archive)
zephyr/arch/arch/arm/core/aarch32/cortex_m/libarch__arm__core__aarch32__cortex_m.a(fault.c.obj)
                              (--whole-archive)
zephyr/arch/arch/arm/core/aarch32/cortex_m/libarch__arm__core__aarch32__cortex_m.a(fault_s.S.obj)
                              (--whole-archive)
zephyr/arch/arch/arm/core/aarch32/cortex_m/libarch__arm__core__aarch32__cortex_m.a(fpu.c.obj)
                              (--whole-archive)
zephyr/arch/arch/arm/core/aarch32/cortex_m/libarch__arm__core__aarch32__cortex_m.a(irq_init.c.obj)
                              (--whole-archive)
zephyr/arch/arch/arm/core/aarch32/cortex_m/libarch__arm__core__aarch32__cortex_m.a(reset.S.obj)
                              (--whole-archive)
zephyr/arch/arch/arm/core/aarch32/cortex_m/libarch__arm__core__aarch32__cortex_m.a(scb.c.obj)
                              (--whole-archive)
zephyr/arch/arch/arm/core/aarch32/cortex_m/libarch__arm__core__aarch32__cortex_m.a(thread_abort.c.obj)
[...]
Memory Configuration

Name             Origin             Length             Attributes
BOOT_FLASH       0x0000000010000000 0x0000000000000100 r
FLASH            0x0000000010000100 0x00000000001fff00 xr
RAM              0x0000000020000000 0x0000000000042000 xw
IDT_LIST         0x00000000fffff7ff 0x0000000000000800 xw
*default*        0x0000000000000000 0xffffffffffffffff

Linker script and memory map

LOAD zephyr/CMakeFiles/zephyr_pre1.dir/misc/empty_file.c.obj
LOAD zephyr/CMakeFiles/zephyr_pre1.dir/dev_handles.c.obj
LOAD zephyr/CMakeFiles/offsets.dir/./arch/arm/core/offsets/offsets.c.obj

.boot2          0x0000000010000000      0x100
 *(SORT_BY_ALIGNMENT(.boot2))
 .boot2         0x0000000010000000      0x100 modules/hal_rpi_pico/libmodules__hal_rpi_pico.a(boot_stage2.S.obj)
                0x0000000000000004                _region_min_align = 0x4

.rel.plt        0x0000000010000100        0x0
 *(SORT_BY_ALIGNMENT(.rel.plt))
                [!provide]                        PROVIDE (__rel_iplt_start = .)
 *(SORT_BY_ALIGNMENT(.rel.iplt))
 .rel.iplt      0x0000000010000100        0x0 app/libapp.a(main.c.obj)
                [!provide]                        PROVIDE (__rel_iplt_end = .)

.rela.plt       0x0000000010000100        0x0
 *(SORT_BY_ALIGNMENT(.rela.plt))
                [!provide]                        PROVIDE (__rela_iplt_start = .)
 *(SORT_BY_ALIGNMENT(.rela.iplt))
                [!provide]                        PROVIDE (__rela_iplt_end = .)

.rel.dyn
 *(SORT_BY_ALIGNMENT(.rel.*))

.rela.dyn
 *(SORT_BY_ALIGNMENT(.rela.*))

/DISCARD/
 *(SORT_BY_ALIGNMENT(.plt))

/DISCARD/
 *(SORT_BY_ALIGNMENT(.iplt))
                0x0000000010000100                __rom_region_start = 0x10000100

rom_start       0x0000000010000100       0xa8
                0x0000000010000100                . = (. + 0x0)
                0x0000000010000100                . = ALIGN (0x4)
                0x0000000010000100                . = ALIGN (0x100)
                0x0000000010000100                . = ALIGN (0x100)
                0x0000000010000100                _vector_start = .
 *(SORT_BY_ALIGNMENT(.exc_vector_table))
 *(SORT_BY_ALIGNMENT(.exc_vector_table.*))
 .exc_vector_table._vector_table_section
                0x0000000010000100       0x40 zephyr/arch/arch/arm/core/aarch32/cortex_m/libarch__arm__core__aarch32__cortex_m.a(vector_table.S.obj)
                0x0000000010000100                _vector_table
 *(SORT_BY_ALIGNMENT(.vectors))
                0x00000000100001a8                _vector_end = .
                0x0000000010000140                . = ALIGN (0x4)
 *(SORT_BY_ALIGNMENT(.gnu.linkonce.irq_vector_table*))
 .gnu.linkonce.irq_vector_table
                0x0000000010000140       0x68 zephyr/arch/common/libisr_tables.a(isr_tables.c.obj)
                0x0000000010000140                _irq_vector_table
                0x00000000100001a8                _vector_end = .

text            0x00000000100001a8     0x46e8
                0x00000000100001a8                __text_region_start = .
 *(SORT_BY_ALIGNMENT(.text))
 .text          0x00000000100001a8       0x14 /home/etorob/zephyr-sdk-0.16.0/arm-zephyr-eabi/bin/../lib/gcc/arm-zephyr-eabi/12.2.0/thumb/v6-m/nofp/libgcc.a(_thumb1_case_uqi.o)
                0x00000000100001a8                __gnu_thumb1_case_uqi
 .text          0x00000000100001bc       0x14 /home/etorob/zephyr-sdk-0.16.0/arm-zephyr-eabi/bin/../lib/gcc/arm-zephyr-eabi/12.2.0/thumb/v6-m/nofp/libgcc.a(_thumb1_case_shi.o)
                0x00000000100001bc                __gnu_thumb1_case_shi
 .text          0x00000000100001d0       0x8c /home/etorob/zephyr-sdk-0.16.0/arm-zephyr-eabi/bin/../lib/gcc/arm-zephyr-eabi/12.2.0/thumb/v6-m/nofp/libgcc.a(_udivsi3.o)
                0x00000000100001d0                __udivsi3
                0x00000000100001d0                __aeabi_uidiv
                0x0000000010000248                __aeabi_uidivmod
 .text          0x000000001000025c       0xa8 /home/etorob/zephyr-sdk-0.16.0/arm-zephyr-eabi/bin/../lib/gcc/arm-zephyr-eabi/12.2.0/thumb/v6-m/nofp/libgcc.a(_divsi3.o)
                0x000000001000025c                __aeabi_idiv
                0x000000001000025c                __divsi3
                0x00000000100002f0                __aeabi_idivmod
 .text          0x0000000010000304        0x4 /home/etorob/zephyr-sdk-0.16.0/arm-zephyr-eabi/bin/../lib/gcc/arm-zephyr-eabi/12.2.0/thumb/v6-m/nofp/libgcc.a(_dvmd_tls.o)
                0x0000000010000304                __aeabi_ldiv0
                0x0000000010000304                __aeabi_idiv0
 .text          0x0000000010000308       0x3c /home/etorob/zephyr-sdk-0.16.0/arm-zephyr-eabi/bin/../lib/gcc/arm-zephyr-eabi/12.2.0/thumb/v6-m/nofp/libgcc.a(_clzsi2.o)
                0x0000000010000308                __clzsi2
 .text          0x0000000010000344       0x40 /home/etorob/zephyr-sdk-0.16.0/arm-zephyr-eabi/bin/../lib/gcc/arm-zephyr-eabi/12.2.0/thumb/v6-m/nofp/libgcc.a(_ctzsi2.o)
                0x0000000010000344                __ctzsi2
 .text          0x0000000010000384       0x40 /home/etorob/zephyr-sdk-0.16.0/arm-zephyr-eabi/bin/../lib/gcc/arm-zephyr-eabi/12.2.0/thumb/v6-m/nofp/libgcc.a(_aeabi_uldivmod.o)
                0x0000000010000384                __aeabi_uldivmod
 .text          0x00000000100003c4       0x18 /home/etorob/zephyr-sdk-0.16.0/arm-zephyr-eabi/bin/../lib/gcc/arm-zephyr-eabi/12.2.0/thumb/v6-m/nofp/libgcc.a(_lshrdi3.o)
                0x00000000100003c4                __aeabi_llsr
                0x00000000100003c4                __lshrdi3
 .text          0x00000000100003dc       0x18 /home/etorob/zephyr-sdk-0.16.0/arm-zephyr-eabi/bin/../lib/gcc/arm-zephyr-eabi/12.2.0/thumb/v6-m/nofp/libgcc.a(_ashldi3.o)
                0x00000000100003dc                __ashldi3
                0x00000000100003dc                __aeabi_llsl
 .text          0x00000000100003f4       0x18 /home/etorob/zephyr-sdk-0.16.0/arm-zephyr-eabi/bin/../lib/gcc/arm-zephyr-eabi/12.2.0/thumb/v6-m/nofp/libgcc.a(_clzdi2.o)
                0x00000000100003f4                __clzdi2
 .text          0x000000001000040c       0x44 /home/etorob/zephyr-sdk-0.16.0/arm-zephyr-eabi/bin/../lib/gcc/arm-zephyr-eabi/12.2.0/thumb/v6-m/nofp/libgcc.a(_muldi3.o)
                0x000000001000040c                __aeabi_lmul
                0x000000001000040c                __muldi3
 .text          0x0000000010000450        0xe /home/etorob/zephyr-sdk-0.16.0/arm-zephyr-eabi/bin/../lib/gcc/arm-zephyr-eabi/12.2.0/thumb/v6-m/nofp/libgcc.a(_ffssi2.o)
                0x0000000010000450                __ffssi2
 .text          0x000000001000045e       0xde /home/etorob/zephyr-sdk-0.16.0/arm-zephyr-eabi/bin/../lib/gcc/arm-zephyr-eabi/12.2.0/thumb/v6-m/nofp/libgcc.a(_udivmoddi4.o)
                0x000000001000045e                __udivmoddi4
 *(SORT_BY_ALIGNMENT(.text.*))
 .text.GetResistenceNTC
                0x000000001000053c       0x1c app/libapp.a(main.c.obj)
                0x000000001000053c                GetResistenceNTC
 .text.AdcToCelsius
                0x0000000010000558       0xec app/libapp.a(main.c.obj)
                0x0000000010000558                AdcToCelsius
 .text.main     0x0000000010000644      0x10c app/libapp.a(main.c.obj)
                0x0000000010000644                main
 .text.cbvprintf_package
                0x0000000010000750      0x3d0 zephyr/libzephyr.a(cbprintf_packaged.c.obj)
                0x0000000010000750                cbvprintf_package
 .text.__printk_hook_install
                0x0000000010000b20        0xc zephyr/libzephyr.a(printk.c.obj)
                0x0000000010000b20                __printk_hook_install
 .text.z_cbvprintf_impl
                0x0000000010000b2c      0x728 zephyr/libzephyr.a(cbprintf_complete.c.obj)
                0x0000000010000b2c                z_cbvprintf_impl
 .text.z_log_init.isra.0
                0x0000000010001254       0xd0 zephyr/libzephyr.a(log_core.c.obj)
 .text.log_format_func_t_get
                0x0000000010001324        0xc zephyr/libzephyr.a(log_core.c.obj)
                0x0000000010001324                log_format_func_t_get
 .text.log_set_timestamp_func
                0x0000000010001330       0x20 zephyr/libzephyr.a(log_core.c.obj)
                0x0000000010001330                log_set_timestamp_func
 .text.log_core_init
                0x0000000010001350       0x2c zephyr/libzephyr.a(log_core.c.obj)
                0x0000000010001350                log_core_init
 .text.z_impl_log_panic
                0x000000001000137c       0x40 zephyr/libzephyr.a(log_core.c.obj)
                0x000000001000137c                z_impl_log_panic
 .text.z_log_dropped
                0x00000000100013bc       0x20 zephyr/libzephyr.a(log_core.c.obj)
                0x00000000100013bc                z_log_dropped
 .text.z_log_msg_commit
                0x00000000100013dc       0x38 zephyr/libzephyr.a(log_core.c.obj)
                0x00000000100013dc                z_log_msg_commit
 .text.log_source_name_get
                0x0000000010001414       0x1c zephyr/libzephyr.a(log_mgmt.c.obj)
                0x0000000010001414                log_source_name_get
 .text.log_backend_enable
                0x0000000010001430       0x28 zephyr/libzephyr.a(log_mgmt.c.obj)
                0x0000000010001430                log_backend_enable
 .text.z_impl_z_log_msg_runtime_vcreate
                0x0000000010001458       0x8c zephyr/libzephyr.a(log_msg.c.obj)
                0x0000000010001458                z_impl_z_log_msg_runtime_vcreate
 .text.print_formatted
                0x00000000100014e4       0x20 zephyr/libzephyr.a(log_output.c.obj)
 .text.newline_print
                0x0000000010001504       0x20 zephyr/libzephyr.a(log_output.c.obj)
 .text.log_output_process
                0x0000000010001524      0x29c zephyr/libzephyr.a(log_output.c.obj)
                0x0000000010001524                log_output_process
 .text.log_output_msg_process
                0x00000000100017c0       0x6c zephyr/libzephyr.a(log_output.c.obj)
                0x00000000100017c0                log_output_msg_process
 .text.log_output_timestamp_freq_set
                0x000000001000182c       0x34 zephyr/libzephyr.a(log_output.c.obj)
                0x000000001000182c                log_output_timestamp_freq_set
 .text.format_set
                0x0000000010001860        0xc zephyr/libzephyr.a(log_backend_uart.c.obj)
 .text.panic    0x000000001000186c       0x18 zephyr/libzephyr.a(log_backend_uart.c.obj)
 .text.process  0x0000000010001884       0x20 zephyr/libzephyr.a(log_backend_uart.c.obj)
 .text.char_out
                0x00000000100018a4       0x24 zephyr/libzephyr.a(log_backend_uart.c.obj)
 .text.z_arm_cpu_idle_init
                0x00000000100018c8        0xc zephyr/arch/arch/arm/core/aarch32/libarch__arm__core__aarch32.a(cpu_idle.S.obj)
                0x00000000100018c8                z_arm_cpu_idle_init
 .text.arch_cpu_idle
                0x00000000100018d4       0x10 zephyr/arch/arch/arm/core/aarch32/libarch__arm__core__aarch32.a(cpu_idle.S.obj)
                0x00000000100018d4                arch_cpu_idle
 .text.z_arm_fatal_error
                0x00000000100018e4       0xa0 zephyr/arch/arch/arm/core/aarch32/libarch__arm__core__aarch32.a(fatal.c.obj)
                0x00000000100018e4                z_arm_fatal_error
 .text.arch_irq_enable
                0x0000000010001984       0x18 zephyr/arch/arch/arm/core/aarch32/libarch__arm__core__aarch32.a(irq_manage.c.obj)
                0x0000000010001984                arch_irq_enable
 .text.z_arm_irq_priority_set
                0x000000001000199c       0x54 zephyr/arch/arch/arm/core/aarch32/libarch__arm__core__aarch32.a(irq_manage.c.obj)
                0x000000001000199c                z_arm_irq_priority_set
 .text.z_SysNmiOnReset
                0x00000000100019f0        0x4 zephyr/arch/arch/arm/core/aarch32/libarch__arm__core__aarch32.a(nmi_on_reset.S.obj)
                0x00000000100019f0                z_SysNmiOnReset
 .text.z_arm_prep_c
                0x00000000100019f4       0x2c zephyr/arch/arch/arm/core/aarch32/libarch__arm__core__aarch32.a(prep_c.c.obj)
                0x00000000100019f4                z_arm_prep_c
 .text.arch_swap
                0x0000000010001a20       0x30 zephyr/arch/arch/arm/core/aarch32/libarch__arm__core__aarch32.a(swap.c.obj)
                0x0000000010001a20                arch_swap
 .text.z_arm_pendsv
                0x0000000010001a50       0x60 zephyr/arch/arch/arm/core/aarch32/libarch__arm__core__aarch32.a(swap_helper.S.obj)
                0x0000000010001a50                z_arm_pendsv
 .text.z_arm_svc
                0x0000000010001ab0       0x24 zephyr/arch/arch/arm/core/aarch32/libarch__arm__core__aarch32.a(swap_helper.S.obj)
                0x0000000010001ab0                z_arm_svc
 .text.arch_new_thread
                0x0000000010001ad4       0x2c zephyr/arch/arch/arm/core/aarch32/libarch__arm__core__aarch32.a(thread.c.obj)
                0x0000000010001ad4                arch_new_thread
 .text.arch_switch_to_main_thread
                0x0000000010001b00       0x20 zephyr/arch/arch/arm/core/aarch32/libarch__arm__core__aarch32.a(thread.c.obj)
                0x0000000010001b00                arch_switch_to_main_thread
 .text._isr_wrapper
                0x0000000010001b20       0x28 zephyr/arch/arch/arm/core/aarch32/libarch__arm__core__aarch32.a(isr_wrapper.S.obj)
                0x0000000010001b20                _isr_wrapper
 .text._HandlerModeExit
                0x0000000010001b48       0x20 zephyr/arch/arch/arm/core/aarch32/cortex_m/libarch__arm__core__aarch32__cortex_m.a(exc_exit.S.obj)
                0x0000000010001b48                z_arm_exc_exit
                0x0000000010001b48                z_arm_int_exit
 .text.z_arm_fault
                0x0000000010001b68      0x10c zephyr/arch/arch/arm/core/aarch32/cortex_m/libarch__arm__core__aarch32__cortex_m.a(fault.c.obj)
                0x0000000010001b68                z_arm_fault
 .text.__fault  0x0000000010001c74       0x14 zephyr/arch/arch/arm/core/aarch32/cortex_m/libarch__arm__core__aarch32__cortex_m.a(fault_s.S.obj)
                0x0000000010001c74                z_arm_exc_spurious
                0x0000000010001c74                z_arm_hard_fault
 .text.z_arm_interrupt_init
                0x0000000010001c88       0x30 zephyr/arch/arch/arm/core/aarch32/cortex_m/libarch__arm__core__aarch32__cortex_m.a(irq_init.c.obj)
                0x0000000010001c88                z_arm_interrupt_init
 .text._reset_section
                0x0000000010001cb8       0x28 zephyr/arch/arch/arm/core/aarch32/cortex_m/libarch__arm__core__aarch32__cortex_m.a(reset.S.obj)
                0x0000000010001cb8                z_arm_reset
                0x0000000010001cb8                __start
 .text.z_impl_k_thread_abort
                0x0000000010001ce0       0x38 zephyr/arch/arch/arm/core/aarch32/cortex_m/libarch__arm__core__aarch32__cortex_m.a(thread_abort.c.obj)
                0x0000000010001ce0                z_impl_k_thread_abort
 .text.__stdout_hook_install
                0x0000000010001d18        0xc zephyr/lib/libc/minimal/liblib__libc__minimal.a(stdout_console.c.obj)
                0x0000000010001d18                __stdout_hook_install
 .text.rp2040_init
                0x0000000010001d24       0x54 zephyr/soc/arm/rpi_pico/rp2/libsoc__arm__rpi_pico__rp2.a(soc.c.obj)
 .text.adc_gain_invert
                0x0000000010001d78       0x34 zephyr/drivers/adc/libdrivers__adc.a(adc_common.c.obj)
                0x0000000010001d78                adc_gain_invert
 .text.adc_rpi_channel_setup
                0x0000000010001dac       0x94 zephyr/drivers/adc/libdrivers__adc.a(adc_rpi_pico.c.obj)
 .text.adc_context_start_sampling
                0x0000000010001e40       0x5c zephyr/drivers/adc/libdrivers__adc.a(adc_rpi_pico.c.obj)
 .text.adc_rpi_read_async
                0x0000000010001e9c      0x174 zephyr/drivers/adc/libdrivers__adc.a(adc_rpi_pico.c.obj)
 .text.adc_rpi_isr
                0x0000000010002010      0x10c zephyr/drivers/adc/libdrivers__adc.a(adc_rpi_pico.c.obj)
 .text.adc_rpi_init
                0x000000001000211c       0x58 zephyr/drivers/adc/libdrivers__adc.a(adc_rpi_pico.c.obj)
 .text.uart_console_init
                0x0000000010002174       0x2c zephyr/drivers/console/libdrivers__console.a(uart_console.c.obj)
 .text.console_out
                0x00000000100021a0       0x28 zephyr/drivers/console/libdrivers__console.a(uart_console.c.obj)
 .text.gpio_rpi_isr
                0x00000000100021c8       0x64 zephyr/drivers/gpio/libdrivers__gpio.a(gpio_rpi_pico.c.obj)
 .text.uart_rpi_irq_err_disable
                0x000000001000222c       0x14 zephyr/drivers/serial/libdrivers__serial.a(uart_rpi_pico.c.obj)
 .text.uart_rpi_set_format.isra.0
                0x0000000010002240       0x58 zephyr/drivers/serial/libdrivers__serial.a(uart_rpi_pico.c.obj)
 .text.uart_rpi_init
                0x0000000010002298       0x74 zephyr/drivers/serial/libdrivers__serial.a(uart_rpi_pico.c.obj)
 .text.elapsed  0x000000001000230c       0x38 zephyr/drivers/timer/libdrivers__timer.a(cortex_m_systick.c.obj)
 .text.sys_clock_driver_init
                0x0000000010002344       0x3c zephyr/drivers/timer/libdrivers__timer.a(cortex_m_systick.c.obj)
 .text.sys_clock_isr
                0x0000000010002380       0x44 zephyr/drivers/timer/libdrivers__timer.a(cortex_m_systick.c.obj)
                0x0000000010002380                sys_clock_isr
 .text.sys_clock_set_timeout
                0x00000000100023c4       0xf0 zephyr/drivers/timer/libdrivers__timer.a(cortex_m_systick.c.obj)
                0x00000000100023c4                sys_clock_set_timeout
 .text.sys_clock_elapsed
                0x00000000100024b4       0x38 zephyr/drivers/timer/libdrivers__timer.a(cortex_m_systick.c.obj)
                0x00000000100024b4                sys_clock_elapsed
 .text.clock_configure
                0x00000000100024ec       0xe8 modules/hal_rpi_pico/libmodules__hal_rpi_pico.a(clocks.c.obj)
                0x00000000100024ec                clock_configure
 .text.clocks_init
                0x00000000100025d4       0xf4 modules/hal_rpi_pico/libmodules__hal_rpi_pico.a(clocks.c.obj)
                0x00000000100025d4                clocks_init
 .text.clock_get_hz
                0x00000000100026c8        0xc modules/hal_rpi_pico/libmodules__hal_rpi_pico.a(clocks.c.obj)
                0x00000000100026c8                clock_get_hz
 .text.pll_init
                0x00000000100026d4       0x9c modules/hal_rpi_pico/libmodules__hal_rpi_pico.a(pll.c.obj)
                0x00000000100026d4                pll_init
 .text.xosc_init
                0x0000000010002770       0x28 modules/hal_rpi_pico/libmodules__hal_rpi_pico.a(xosc.c.obj)
                0x0000000010002770                xosc_init
 .text.watchdog_start_tick
                0x0000000010002798       0x10 modules/hal_rpi_pico/libmodules__hal_rpi_pico.a(watchdog.c.obj)
                0x0000000010002798                watchdog_start_tick
 .text.running_on_fpga
                0x00000000100027a8       0x10 modules/hal_rpi_pico/libmodules__hal_rpi_pico.a(platform.c.obj)
                0x00000000100027a8                running_on_fpga
 .text.gpio_set_function
                0x00000000100027b8       0x2c modules/hal_rpi_pico/libmodules__hal_rpi_pico.a(gpio.c.obj)
                0x00000000100027b8                gpio_set_function
 .text.gpio_set_pulls
                0x00000000100027e4       0x24 modules/hal_rpi_pico/libmodules__hal_rpi_pico.a(gpio.c.obj)
                0x00000000100027e4                gpio_set_pulls
 .text.gpio_set_input_hysteresis_enabled
                0x0000000010002808       0x1c modules/hal_rpi_pico/libmodules__hal_rpi_pico.a(gpio.c.obj)
                0x0000000010002808                gpio_set_input_hysteresis_enabled
 .text.gpio_set_slew_rate
                0x0000000010002824       0x1c modules/hal_rpi_pico/libmodules__hal_rpi_pico.a(gpio.c.obj)
                0x0000000010002824                gpio_set_slew_rate
 .text.gpio_set_drive_strength
                0x0000000010002840       0x20 modules/hal_rpi_pico/libmodules__hal_rpi_pico.a(gpio.c.obj)
                0x0000000010002840                gpio_set_drive_strength
 .text.gpio_acknowledge_irq
                0x0000000010002860       0x18 modules/hal_rpi_pico/libmodules__hal_rpi_pico.a(gpio.c.obj)
                0x0000000010002860                gpio_acknowledge_irq
 .text.gpio_set_irq_enabled
                0x0000000010002878       0x44 modules/hal_rpi_pico/libmodules__hal_rpi_pico.a(gpio.c.obj)
                0x0000000010002878                gpio_set_irq_enabled
 .text.gpio_set_input_enabled
                0x00000000100028bc       0x1c modules/hal_rpi_pico/libmodules__hal_rpi_pico.a(gpio.c.obj)
                0x00000000100028bc                gpio_set_input_enabled
 .text.uart_set_baudrate
                0x00000000100028d8       0x5c modules/hal_rpi_pico/libmodules__hal_rpi_pico.a(uart.c.obj)
                0x00000000100028d8                uart_set_baudrate
 .text.uart_init
                0x0000000010002934       0x94 modules/hal_rpi_pico/libmodules__hal_rpi_pico.a(uart.c.obj)
                0x0000000010002934                uart_init
 .text.k_sys_fatal_error_handler
                0x00000000100029c8       0x2c zephyr/kernel/libkernel.a(fatal.c.obj)
                0x00000000100029c8                k_sys_fatal_error_handler
 .text.z_fatal_error
                0x00000000100029f4       0xcc zephyr/kernel/libkernel.a(fatal.c.obj)
                0x00000000100029f4                z_fatal_error
 .text.z_sys_init_run_level
                0x0000000010002ac0       0x4c zephyr/kernel/libkernel.a(init.c.obj)
 .text.bg_thread_main
                0x0000000010002b0c       0x34 zephyr/kernel/libkernel.a(init.c.obj)
 .text.z_bss_zero
                0x0000000010002b40       0x18 zephyr/kernel/libkernel.a(init.c.obj)
                0x0000000010002b40                z_bss_zero
 .text.z_init_cpu
                0x0000000010002b58       0x68 zephyr/kernel/libkernel.a(init.c.obj)
                0x0000000010002b58                z_init_cpu
 .text.z_cstart
                0x0000000010002bc0       0xb4 zephyr/kernel/libkernel.a(init.c.obj)
                0x0000000010002bc0                z_cstart
 .text.z_setup_new_thread
                0x0000000010002c74       0x54 zephyr/kernel/libkernel.a(thread.c.obj)
                0x0000000010002c74                z_setup_new_thread
 .text.z_impl_k_thread_create
                0x0000000010002cc8       0x58 zephyr/kernel/libkernel.a(thread.c.obj)
                0x0000000010002cc8                z_impl_k_thread_create
 .text.z_init_static_threads
                0x0000000010002d20       0x90 zephyr/kernel/libkernel.a(thread.c.obj)
                0x0000000010002d20                z_init_static_threads
 .text.z_impl_k_sem_give
                0x0000000010002db0       0x44 zephyr/kernel/libkernel.a(sem.c.obj)
                0x0000000010002db0                z_impl_k_sem_give
 .text.z_impl_k_sem_take
                0x0000000010002df4       0x4c zephyr/kernel/libkernel.a(sem.c.obj)
                0x0000000010002df4                z_impl_k_sem_take
 .text.sliceable
                0x0000000010002e40       0x40 zephyr/kernel/libkernel.a(sched.c.obj)
 .text.slice_timeout
                0x0000000010002e80       0x20 zephyr/kernel/libkernel.a(sched.c.obj)
 .text.z_reset_time_slice
                0x0000000010002ea0       0x4c zephyr/kernel/libkernel.a(sched.c.obj)
                0x0000000010002ea0                z_reset_time_slice
 .text.update_cache
                0x0000000010002eec       0x44 zephyr/kernel/libkernel.a(sched.c.obj)
 .text.move_thread_to_end_of_prio_q
                0x0000000010002f30       0x78 zephyr/kernel/libkernel.a(sched.c.obj)
 .text.ready_thread
                0x0000000010002fa8       0x6c zephyr/kernel/libkernel.a(sched.c.obj)
 .text.unready_thread
                0x0000000010003014       0x2c zephyr/kernel/libkernel.a(sched.c.obj)
 .text.pend_locked
                0x0000000010003040       0x2c zephyr/kernel/libkernel.a(sched.c.obj)
 .text.k_sched_time_slice_set
                0x000000001000306c       0x40 zephyr/kernel/libkernel.a(sched.c.obj)
                0x000000001000306c                k_sched_time_slice_set
 .text.z_time_slice
                0x00000000100030ac       0x58 zephyr/kernel/libkernel.a(sched.c.obj)
                0x00000000100030ac                z_time_slice
 .text.z_pend_curr
                0x0000000010003104       0x30 zephyr/kernel/libkernel.a(sched.c.obj)
                0x0000000010003104                z_pend_curr
 .text.z_reschedule
                0x0000000010003134       0x2c zephyr/kernel/libkernel.a(sched.c.obj)
                0x0000000010003134                z_reschedule
 .text.z_sched_start
                0x0000000010003160       0x34 zephyr/kernel/libkernel.a(sched.c.obj)
                0x0000000010003160                z_sched_start
 .text.z_impl_k_thread_suspend
                0x0000000010003194       0x58 zephyr/kernel/libkernel.a(sched.c.obj)
                0x0000000010003194                z_impl_k_thread_suspend
 .text.k_sched_lock
                0x00000000100031ec       0x20 zephyr/kernel/libkernel.a(sched.c.obj)
                0x00000000100031ec                k_sched_lock
 .text.k_sched_unlock
                0x000000001000320c       0x2c zephyr/kernel/libkernel.a(sched.c.obj)
                0x000000001000320c                k_sched_unlock
 .text.z_sched_init
                0x0000000010003238       0x1c zephyr/kernel/libkernel.a(sched.c.obj)
                0x0000000010003238                z_sched_init
 .text.z_impl_k_yield
                0x0000000010003254       0x78 zephyr/kernel/libkernel.a(sched.c.obj)
                0x0000000010003254                z_impl_k_yield
 .text.z_tick_sleep
                0x00000000100032cc       0x8c zephyr/kernel/libkernel.a(sched.c.obj)
 .text.z_impl_k_sleep
                0x0000000010003358       0x30 zephyr/kernel/libkernel.a(sched.c.obj)
                0x0000000010003358                z_impl_k_sleep
 .text.z_impl_z_current_get
                0x0000000010003388        0xc zephyr/kernel/libkernel.a(sched.c.obj)
                0x0000000010003388                z_impl_z_current_get
 .text.z_thread_abort
                0x0000000010003394       0xb8 zephyr/kernel/libkernel.a(sched.c.obj)
                0x0000000010003394                z_thread_abort
 .text.z_sched_wait
                0x000000001000344c       0x24 zephyr/kernel/libkernel.a(sched.c.obj)
                0x000000001000344c                z_sched_wait
 .text.z_data_copy
                0x0000000010003470       0x34 zephyr/kernel/libkernel.a(xip.c.obj)
                0x0000000010003470                z_data_copy
 .text.elapsed  0x00000000100034a4       0x18 zephyr/kernel/libkernel.a(timeout.c.obj)
 .text.next_timeout
                0x00000000100034bc       0x44 zephyr/kernel/libkernel.a(timeout.c.obj)
 .text.remove_timeout
                0x0000000010003500       0x38 zephyr/kernel/libkernel.a(timeout.c.obj)
 .text.z_add_timeout
                0x0000000010003538       0xdc zephyr/kernel/libkernel.a(timeout.c.obj)
                0x0000000010003538                z_add_timeout
 .text.sys_clock_announce
                0x0000000010003614       0xdc zephyr/kernel/libkernel.a(timeout.c.obj)
                0x0000000010003614                sys_clock_announce
 .text.sys_clock_tick_get
                0x00000000100036f0       0x2c zephyr/kernel/libkernel.a(timeout.c.obj)
                0x00000000100036f0                sys_clock_tick_get
 .text.z_timer_expiration_handler
                0x000000001000371c       0xe8 zephyr/kernel/libkernel.a(timer.c.obj)
                0x000000001000371c                z_timer_expiration_handler
 .text.z_impl_k_timer_start
                0x0000000010003804       0x5c zephyr/kernel/libkernel.a(timer.c.obj)
                0x0000000010003804                z_impl_k_timer_start
 .text.signal_poll_event
                0x0000000010003860       0xc4 zephyr/kernel/libkernel.a(poll.c.obj)
 .text.z_impl_k_poll_signal_raise
                0x0000000010003924       0x4c zephyr/kernel/libkernel.a(poll.c.obj)
                0x0000000010003924                z_impl_k_poll_signal_raise
 .text.boot_banner
                0x0000000010003970       0x10 zephyr/kernel/libkernel.a(banner.c.obj)
                0x0000000010003970                boot_banner
 .text.k_sys_work_q_init
                0x0000000010003980       0x34 zephyr/kernel/libkernel.a(system_work_q.c.obj)
 .text.work_queue_main
                0x00000000100039b4      0x124 zephyr/kernel/libkernel.a(work.c.obj)
 .text.submit_to_queue_locked
                0x0000000010003ad8       0xd0 zephyr/kernel/libkernel.a(work.c.obj)
 .text.k_work_queue_start
                0x0000000010003ba8       0x7c zephyr/kernel/libkernel.a(work.c.obj)
                0x0000000010003ba8                k_work_queue_start
 .text._OffsetAbsSyms
                0x0000000010003c24        0x2 zephyr/CMakeFiles/offsets.dir/./arch/arm/core/offsets/offsets.c.obj
                0x0000000010003c24                _OffsetAbsSyms
 .text.AverageResis
                0x0000000010003c26        0x2 app/libapp.a(main.c.obj)
                0x0000000010003c26                AverageResis
 .text.cbpprintf_external
                0x0000000010003c28       0x68 zephyr/libzephyr.a(cbprintf_packaged.c.obj)
                0x0000000010003c28                cbpprintf_external
 .text.arch_printk_char_out
                0x0000000010003c90        0x4 zephyr/libzephyr.a(printk.c.obj)
                0x0000000010003c90                arch_printk_char_out
 .text.printk   0x0000000010003c94       0x16 zephyr/libzephyr.a(printk.c.obj)
                0x0000000010003c94                printk
 .text.z_thread_entry
                0x0000000010003caa       0x14 zephyr/libzephyr.a(thread_entry.c.obj)
                0x0000000010003caa                z_thread_entry
 .text.encode_uint
                0x0000000010003cbe       0x9a zephyr/libzephyr.a(cbprintf_complete.c.obj)
 .text.outs     0x0000000010003d58       0x2c zephyr/libzephyr.a(cbprintf_complete.c.obj)
 .text._ConfigAbsSyms
                0x0000000010003d84        0x2 zephyr/libzephyr.a(configs.c.obj)
                0x0000000010003d84                _ConfigAbsSyms
 .text.dummy_timestamp
                0x0000000010003d86        0x4 zephyr/libzephyr.a(log_core.c.obj)
 .text.default_lf_get_timestamp
                0x0000000010003d8a       0x10 zephyr/libzephyr.a(log_core.c.obj)
 .text.atomic_inc
                0x0000000010003d9a        0xa zephyr/libzephyr.a(log_core.c.obj)
 .text.enable_logger
                0x0000000010003da4        0xe zephyr/libzephyr.a(log_core.c.obj)
 .text.z_log_vprintk
                0x0000000010003db2       0x1a zephyr/libzephyr.a(log_core.c.obj)
                0x0000000010003db2                z_log_vprintk
 .text.z_log_notify_backend_enabled
                0x0000000010003dcc        0x2 zephyr/libzephyr.a(log_core.c.obj)
                0x0000000010003dcc                z_log_notify_backend_enabled
 .text.z_log_get_tag
                0x0000000010003dce        0x4 zephyr/libzephyr.a(log_core.c.obj)
                0x0000000010003dce                z_log_get_tag
 .text.z_log_msg_finalize
                0x0000000010003dd2       0x32 zephyr/libzephyr.a(log_msg.c.obj)
                0x0000000010003dd2                z_log_msg_finalize
 .text.out_func
                0x0000000010003e04       0x18 zephyr/libzephyr.a(log_output.c.obj)
 .text.cr_out_func
                0x0000000010003e1c       0x1c zephyr/libzephyr.a(log_output.c.obj)
 .text.buffer_write
                0x0000000010003e38       0x1c zephyr/libzephyr.a(log_output.c.obj)
 .text.cbvprintf
                0x0000000010003e54        0xc zephyr/libzephyr.a(log_output.c.obj)
 .text.log_output_flush
                0x0000000010003e60       0x18 zephyr/libzephyr.a(log_output.c.obj)
                0x0000000010003e60                log_output_flush
 .text.log_backend_uart_init
                0x0000000010003e78        0x2 zephyr/libzephyr.a(log_backend_uart.c.obj)
 .text.z_log_msg_runtime_create.constprop.0
                0x0000000010003e7a       0x1e zephyr/arch/arch/arm/core/aarch32/libarch__arm__core__aarch32.a(fatal.c.obj)
 .text.z_do_kernel_oops
                0x0000000010003e98        0xc zephyr/arch/arch/arm/core/aarch32/libarch__arm__core__aarch32.a(fatal.c.obj)
                0x0000000010003e98                z_do_kernel_oops
 .text.z_irq_spurious
                0x0000000010003ea4        0xc zephyr/arch/arch/arm/core/aarch32/libarch__arm__core__aarch32.a(irq_manage.c.obj)
                0x0000000010003ea4                z_irq_spurious
 .text.z_arm_nmi
                0x0000000010003eb0        0xc zephyr/arch/arch/arm/core/aarch32/libarch__arm__core__aarch32.a(nmi.c.obj)
                0x0000000010003eb0                z_arm_nmi
 .text.z_log_msg_runtime_create.constprop.0
                0x0000000010003ebc       0x1e zephyr/arch/arch/arm/core/aarch32/cortex_m/libarch__arm__core__aarch32__cortex_m.a(fault.c.obj)
 .text.z_arm_fault_init
                0x0000000010003eda        0x2 zephyr/arch/arch/arm/core/aarch32/cortex_m/libarch__arm__core__aarch32__cortex_m.a(fault.c.obj)
                0x0000000010003eda                z_arm_fault_init
 .text.strlen   0x0000000010003edc       0x10 zephyr/lib/libc/minimal/liblib__libc__minimal.a(string.c.obj)
                0x0000000010003edc                strlen
 .text.strnlen  0x0000000010003eec       0x14 zephyr/lib/libc/minimal/liblib__libc__minimal.a(string.c.obj)
                0x0000000010003eec                strnlen
 .text.memcpy   0x0000000010003f00       0x12 zephyr/lib/libc/minimal/liblib__libc__minimal.a(string.c.obj)
                0x0000000010003f00                memcpy
 .text.memset   0x0000000010003f12       0x12 zephyr/lib/libc/minimal/liblib__libc__minimal.a(string.c.obj)
                0x0000000010003f12                memset
 .text._stdout_hook_default
                0x0000000010003f24        0x6 zephyr/lib/libc/minimal/liblib__libc__minimal.a(stdout_console.c.obj)
 .text.adc_rpi_configure_func_0
                0x0000000010003f2a       0x14 zephyr/drivers/adc/libdrivers__adc.a(adc_rpi_pico.c.obj)
 .text.z_log_msg_runtime_create.constprop.0
                0x0000000010003f3e       0x1e zephyr/drivers/adc/libdrivers__adc.a(adc_rpi_pico.c.obj)
 .text.adc_context_on_timer_expired
                0x0000000010003f5c       0x22 zephyr/drivers/adc/libdrivers__adc.a(adc_rpi_pico.c.obj)
 .text.adc_rpi_read
                0x0000000010003f7e        0xa zephyr/drivers/adc/libdrivers__adc.a(adc_rpi_pico.c.obj)
 .text.adc_context_complete.part.0
                0x0000000010003f88       0x18 zephyr/drivers/adc/libdrivers__adc.a(adc_rpi_pico.c.obj)
 .text.gpio_rpi_port_get_raw
                0x0000000010003fa0        0xc zephyr/drivers/gpio/libdrivers__gpio.a(gpio_rpi_pico.c.obj)
 .text.gpio_rpi_port_set_bits_raw
                0x0000000010003fac       0x2c zephyr/drivers/gpio/libdrivers__gpio.a(gpio_rpi_pico.c.obj)
 .text.gpio_rpi_port_clear_bits_raw
                0x0000000010003fd8       0x2c zephyr/drivers/gpio/libdrivers__gpio.a(gpio_rpi_pico.c.obj)
 .text.gpio_rpi_port_toggle_bits
                0x0000000010004004       0x18 zephyr/drivers/gpio/libdrivers__gpio.a(gpio_rpi_pico.c.obj)
 .text.gpio_rpi_manage_callback
                0x000000001000401c       0x58 zephyr/drivers/gpio/libdrivers__gpio.a(gpio_rpi_pico.c.obj)
 .text.gpio_rpi_bank_init
                0x0000000010004074        0xc zephyr/drivers/gpio/libdrivers__gpio.a(gpio_rpi_pico.c.obj)
 .text.gpio_rpi_pin_interrupt_configure
                0x0000000010004080       0x62 zephyr/drivers/gpio/libdrivers__gpio.a(gpio_rpi_pico.c.obj)
 .text.bank_0_config_func
                0x00000000100040e2       0x14 zephyr/drivers/gpio/libdrivers__gpio.a(gpio_rpi_pico.c.obj)
 .text.gpio_rpi_port_set_masked_raw
                0x00000000100040f6       0x3c zephyr/drivers/gpio/libdrivers__gpio.a(gpio_rpi_pico.c.obj)
 .text.gpio_rpi_configure
                0x0000000010004132       0x7c zephyr/drivers/gpio/libdrivers__gpio.a(gpio_rpi_pico.c.obj)
 .text.pinctrl_lookup_state
                0x00000000100041ae       0x26 zephyr/drivers/pinctrl/libdrivers__pinctrl.a(common.c.obj)
                0x00000000100041ae                pinctrl_lookup_state
 .text.pinctrl_configure_pins
                0x00000000100041d4       0x84 zephyr/drivers/pinctrl/libdrivers__pinctrl.a(pinctrl_rpi_pico.c.obj)
                0x00000000100041d4                pinctrl_configure_pins
 .text.reset_rpi_init
                0x0000000010004258        0x4 zephyr/drivers/reset/libdrivers__reset.a(reset_rpi_pico.c.obj)
 .text.reset_rpi_read_register.isra.0
                0x000000001000425c       0x30 zephyr/drivers/reset/libdrivers__reset.a(reset_rpi_pico.c.obj)
 .text.reset_rpi_update
                0x000000001000428c       0x72 zephyr/drivers/reset/libdrivers__reset.a(reset_rpi_pico.c.obj)
 .text.reset_rpi_line_assert
                0x00000000100042fe        0xa zephyr/drivers/reset/libdrivers__reset.a(reset_rpi_pico.c.obj)
 .text.reset_rpi_line_deassert
                0x0000000010004308        0xa zephyr/drivers/reset/libdrivers__reset.a(reset_rpi_pico.c.obj)
 .text.reset_rpi_line_toggle
                0x0000000010004312       0x18 zephyr/drivers/reset/libdrivers__reset.a(reset_rpi_pico.c.obj)
 .text.reset_rpi_status
                0x000000001000432a       0x38 zephyr/drivers/reset/libdrivers__reset.a(reset_rpi_pico.c.obj)
 .text.uart_rpi_poll_in
                0x0000000010004362       0x1e zephyr/drivers/serial/libdrivers__serial.a(uart_rpi_pico.c.obj)
 .text.uart_rpi_poll_out
                0x0000000010004380       0x10 zephyr/drivers/serial/libdrivers__serial.a(uart_rpi_pico.c.obj)
 .text.uart_rpi_err_check
                0x0000000010004390       0x24 zephyr/drivers/serial/libdrivers__serial.a(uart_rpi_pico.c.obj)
 .text.uart_rpi_fifo_fill
                0x00000000100043b4       0x20 zephyr/drivers/serial/libdrivers__serial.a(uart_rpi_pico.c.obj)
 .text.uart_rpi_fifo_read
                0x00000000100043d4       0x20 zephyr/drivers/serial/libdrivers__serial.a(uart_rpi_pico.c.obj)
 .text.uart_rpi_irq_tx_enable
                0x00000000100043f4       0x16 zephyr/drivers/serial/libdrivers__serial.a(uart_rpi_pico.c.obj)
 .text.uart_rpi_irq_tx_disable
                0x000000001000440a        0xe zephyr/drivers/serial/libdrivers__serial.a(uart_rpi_pico.c.obj)
 .text.uart_rpi_irq_tx_ready
                0x0000000010004418        0xc zephyr/drivers/serial/libdrivers__serial.a(uart_rpi_pico.c.obj)
 .text.uart_rpi_irq_rx_enable
                0x0000000010004424       0x16 zephyr/drivers/serial/libdrivers__serial.a(uart_rpi_pico.c.obj)
 .text.uart_rpi_irq_rx_disable
                0x000000001000443a        0xe zephyr/drivers/serial/libdrivers__serial.a(uart_rpi_pico.c.obj)
 .text.uart_rpi_irq_tx_complete
                0x0000000010004448        0xc zephyr/drivers/serial/libdrivers__serial.a(uart_rpi_pico.c.obj)
 .text.uart_rpi_irq_rx_ready
                0x0000000010004454        0xc zephyr/drivers/serial/libdrivers__serial.a(uart_rpi_pico.c.obj)
 .text.uart_rpi_irq_err_enable
                0x0000000010004460       0x10 zephyr/drivers/serial/libdrivers__serial.a(uart_rpi_pico.c.obj)
 .text.uart_rpi_irq_is_pending
                0x0000000010004470       0x1c zephyr/drivers/serial/libdrivers__serial.a(uart_rpi_pico.c.obj)
 .text.uart_rpi_irq_update
                0x000000001000448c        0x4 zephyr/drivers/serial/libdrivers__serial.a(uart_rpi_pico.c.obj)
 .text.uart_rpi_irq_callback_set
                0x0000000010004490        0x8 zephyr/drivers/serial/libdrivers__serial.a(uart_rpi_pico.c.obj)
 .text.uart_rpi_isr
                0x0000000010004498       0x10 zephyr/drivers/serial/libdrivers__serial.a(uart_rpi_pico.c.obj)
 .text.uart_rpi_config_get
                0x00000000100044a8       0x12 zephyr/drivers/serial/libdrivers__serial.a(uart_rpi_pico.c.obj)
 .text.uart0_rpi_irq_config_func
                0x00000000100044ba       0x14 zephyr/drivers/serial/libdrivers__serial.a(uart_rpi_pico.c.obj)
 .text.uart_rpi_configure
                0x00000000100044ce       0x32 zephyr/drivers/serial/libdrivers__serial.a(uart_rpi_pico.c.obj)
 .text.gpio_init
                0x0000000010004500       0x16 modules/hal_rpi_pico/libmodules__hal_rpi_pico.a(gpio.c.obj)
                0x0000000010004500                gpio_init
 .text.z_device_state_init
                0x0000000010004516        0x2 zephyr/kernel/libkernel.a(device.c.obj)
                0x0000000010004516                z_device_state_init
 .text.z_device_is_ready
                0x0000000010004518       0x1a zephyr/kernel/libkernel.a(device.c.obj)
                0x0000000010004518                z_device_is_ready
 .text.z_log_msg_runtime_create.constprop.0
                0x0000000010004532       0x1e zephyr/kernel/libkernel.a(fatal.c.obj)
 .text.arch_system_halt
                0x0000000010004550        0x8 zephyr/kernel/libkernel.a(fatal.c.obj)
                0x0000000010004550                arch_system_halt
 .text.z_early_memset
                0x0000000010004558        0x8 zephyr/kernel/libkernel.a(init.c.obj)
                0x0000000010004558                z_early_memset
 .text.z_early_memcpy
                0x0000000010004560        0x8 zephyr/kernel/libkernel.a(init.c.obj)
                0x0000000010004560                z_early_memcpy
 .text.k_is_in_isr
                0x0000000010004568        0xc zephyr/kernel/libkernel.a(thread.c.obj)
                0x0000000010004568                k_is_in_isr
 .text.z_impl_k_thread_name_set
                0x0000000010004574        0x6 zephyr/kernel/libkernel.a(thread.c.obj)
                0x0000000010004574                z_impl_k_thread_name_set
 .text.k_thread_name_get
                0x000000001000457a        0x4 zephyr/kernel/libkernel.a(thread.c.obj)
                0x000000001000457a                k_thread_name_get
 .text.z_impl_k_thread_start
                0x000000001000457e        0x8 zephyr/kernel/libkernel.a(thread.c.obj)
                0x000000001000457e                z_impl_k_thread_start
 .text.idle     0x0000000010004586        0xe zephyr/kernel/libkernel.a(idle.c.obj)
                0x0000000010004586                idle
 .text.sys_dlist_remove
                0x0000000010004594       0x10 zephyr/kernel/libkernel.a(sched.c.obj)
 .text.unpend_thread_no_timeout
                0x00000000100045a4       0x16 zephyr/kernel/libkernel.a(sched.c.obj)
 .text.add_to_waitq_locked
                0x00000000100045ba       0x52 zephyr/kernel/libkernel.a(sched.c.obj)
 .text.z_ready_thread
                0x000000001000460c       0x18 zephyr/kernel/libkernel.a(sched.c.obj)
                0x000000001000460c                z_ready_thread
 .text.z_unpend_thread_no_timeout
                0x0000000010004624       0x1e zephyr/kernel/libkernel.a(sched.c.obj)
                0x0000000010004624                z_unpend_thread_no_timeout
 .text.z_sched_wake_thread
                0x0000000010004642       0x3e zephyr/kernel/libkernel.a(sched.c.obj)
                0x0000000010004642                z_sched_wake_thread
 .text.z_thread_timeout
                0x0000000010004680        0xc zephyr/kernel/libkernel.a(sched.c.obj)
                0x0000000010004680                z_thread_timeout
 .text.z_unpend1_no_timeout
                0x000000001000468c       0x2a zephyr/kernel/libkernel.a(sched.c.obj)
                0x000000001000468c                z_unpend1_no_timeout
 .text.z_unpend_first_thread
                0x00000000100046b6       0x32 zephyr/kernel/libkernel.a(sched.c.obj)
                0x00000000100046b6                z_unpend_first_thread
 .text.z_unpend_thread
                0x00000000100046e8       0x28 zephyr/kernel/libkernel.a(sched.c.obj)
                0x00000000100046e8                z_unpend_thread
 .text.z_reschedule_irqlock
                0x0000000010004710       0x1c zephyr/kernel/libkernel.a(sched.c.obj)
                0x0000000010004710                z_reschedule_irqlock
 .text.z_reschedule_unlocked
                0x000000001000472c        0xe zephyr/kernel/libkernel.a(sched.c.obj)
 .text.z_sched_wake
                0x000000001000473a       0x3c zephyr/kernel/libkernel.a(sched.c.obj)
                0x000000001000473a                z_sched_wake
 .text.z_abort_timeout
                0x0000000010004776       0x26 zephyr/kernel/libkernel.a(timeout.c.obj)
                0x0000000010004776                z_abort_timeout
 .text.sys_clock_tick_get_32
                0x000000001000479c        0x8 zephyr/kernel/libkernel.a(timeout.c.obj)
                0x000000001000479c                sys_clock_tick_get_32
 .text.z_impl_k_uptime_ticks
                0x00000000100047a4        0x8 zephyr/kernel/libkernel.a(timeout.c.obj)
                0x00000000100047a4                z_impl_k_uptime_ticks
 .text.z_impl_k_timer_stop
                0x00000000100047ac       0x32 zephyr/kernel/libkernel.a(timer.c.obj)
                0x00000000100047ac                z_impl_k_timer_stop
 .text.z_impl_atomic_add
                0x00000000100047de       0x1a zephyr/kernel/libkernel.a(atomic_c.c.obj)
                0x00000000100047de                z_impl_atomic_add
 .text.z_impl_atomic_sub
                0x00000000100047f8       0x1a zephyr/kernel/libkernel.a(atomic_c.c.obj)
                0x00000000100047f8                z_impl_atomic_sub
 .text.z_impl_atomic_set
                0x0000000010004812       0x18 zephyr/kernel/libkernel.a(atomic_c.c.obj)
                0x0000000010004812                z_impl_atomic_set
 .text.z_handle_obj_poll_events
                0x000000001000482a       0x1e zephyr/kernel/libkernel.a(poll.c.obj)
                0x000000001000482a                z_handle_obj_poll_events
 .text.flag_test_and_clear
                0x0000000010004848       0x18 zephyr/kernel/libkernel.a(work.c.obj)
 .text.notify_queue_locked.isra.0
                0x0000000010004860       0x12 zephyr/kernel/libkernel.a(work.c.obj)
 .text.z_work_submit_to_queue
                0x0000000010004872       0x1e zephyr/kernel/libkernel.a(work.c.obj)
                0x0000000010004872                z_work_submit_to_queue
 *(SORT_BY_ALIGNMENT(.TEXT.*))
 *(SORT_BY_ALIGNMENT(.gnu.linkonce.t.*))
 *(SORT_BY_ALIGNMENT(.glue_7t))
 .glue_7t       0x0000000010004890        0x0 linker stubs
 *(SORT_BY_ALIGNMENT(.glue_7))
 .glue_7        0x0000000010004890        0x0 linker stubs
 *(SORT_BY_ALIGNMENT(.vfp11_veneer))
 .vfp11_veneer  0x0000000010004890        0x0 linker stubs
 *(SORT_BY_ALIGNMENT(.v4_bx))
 .v4_bx         0x0000000010004890        0x0 linker stubs
                0x0000000010004890                . = ALIGN (0x4)
                0x0000000010004890                __text_region_end = .

.ARM.exidx      0x0000000010004890        0x8
                0x0000000010004890                __exidx_start = .
 *(SORT_BY_ALIGNMENT(.ARM.exidx*) SORT_BY_ALIGNMENT(gnu.linkonce.armexidx.*))
 .ARM.exidx     0x0000000010004890        0x8 /home/etorob/zephyr-sdk-0.16.0/arm-zephyr-eabi/bin/../lib/gcc/arm-zephyr-eabi/12.2.0/thumb/v6-m/nofp/libgcc.a(_udivmoddi4.o)
                0x0000000010004898                __exidx_end = .
                0x0000000010004898                __rodata_region_start = .

initlevel       0x0000000010004898       0x48
                0x0000000010004898                __init_start = .
                0x0000000010004898                __init_EARLY_start = .
 *(SORT_BY_NAME(SORT_BY_ALIGNMENT(.z_init_EARLY[0-9]_*)))
 *(SORT_BY_NAME(SORT_BY_ALIGNMENT(.z_init_EARLY[1-9][0-9]_*)))
                0x0000000010004898                __init_PRE_KERNEL_1_start = .
 *(SORT_BY_NAME(SORT_BY_ALIGNMENT(.z_init_PRE_KERNEL_1[0-9]_*)))
 .z_init_PRE_KERNEL_10_
                0x0000000010004898        0x8 zephyr/soc/arm/rpi_pico/rp2/libsoc__arm__rpi_pico__rp2.a(soc.c.obj)
 *(SORT_BY_NAME(SORT_BY_ALIGNMENT(.z_init_PRE_KERNEL_1[1-9][0-9]_*)))
 .z_init_PRE_KERNEL_140_
                0x00000000100048a0        0x8 zephyr/drivers/reset/libdrivers__reset.a(reset_rpi_pico.c.obj)
 .z_init_PRE_KERNEL_155_
                0x00000000100048a8        0x8 zephyr/drivers/serial/libdrivers__serial.a(uart_rpi_pico.c.obj)
 .z_init_PRE_KERNEL_160_
                0x00000000100048b0        0x8 zephyr/drivers/console/libdrivers__console.a(uart_console.c.obj)
                0x00000000100048b8                __init_PRE_KERNEL_2_start = .
 *(SORT_BY_NAME(SORT_BY_ALIGNMENT(.z_init_PRE_KERNEL_2[0-9]_*)))
 .z_init_PRE_KERNEL_20_
                0x00000000100048b8        0x8 zephyr/drivers/timer/libdrivers__timer.a(cortex_m_systick.c.obj)
 *(SORT_BY_NAME(SORT_BY_ALIGNMENT(.z_init_PRE_KERNEL_2[1-9][0-9]_*)))
                0x00000000100048c0                __init_POST_KERNEL_start = .
 *(SORT_BY_NAME(SORT_BY_ALIGNMENT(.z_init_POST_KERNEL[0-9]_*)))
 .z_init_POST_KERNEL0_
                0x00000000100048c0        0x8 zephyr/libzephyr.a(log_core.c.obj)
 *(SORT_BY_NAME(SORT_BY_ALIGNMENT(.z_init_POST_KERNEL[1-9][0-9]_*)))
 .z_init_POST_KERNEL40_
                0x00000000100048c8        0x8 zephyr/drivers/gpio/libdrivers__gpio.a(gpio_rpi_pico.c.obj)
 .z_init_POST_KERNEL40_
                0x00000000100048d0        0x8 zephyr/kernel/libkernel.a(system_work_q.c.obj)
 .z_init_POST_KERNEL50_
                0x00000000100048d8        0x8 zephyr/drivers/adc/libdrivers__adc.a(adc_rpi_pico.c.obj)
                0x00000000100048e0                __init_APPLICATION_start = .
 *(SORT_BY_NAME(SORT_BY_ALIGNMENT(.z_init_APPLICATION[0-9]_*)))
 *(SORT_BY_NAME(SORT_BY_ALIGNMENT(.z_init_APPLICATION[1-9][0-9]_*)))
                0x00000000100048e0                __init_SMP_start = .
 *(SORT_BY_NAME(SORT_BY_ALIGNMENT(.z_init_SMP[0-9]_*)))
 *(SORT_BY_NAME(SORT_BY_ALIGNMENT(.z_init_SMP[1-9][0-9]_*)))
                0x00000000100048e0                __init_end = .

devices         0x00000000100048e0       0x60
                0x00000000100048e0                __device_start = .
                0x00000000100048e0                __device_EARLY_start = .
 *(SORT_BY_NAME(SORT_BY_ALIGNMENT(.z_device_EARLY[0-9]_*)))
 *(SORT_BY_NAME(SORT_BY_ALIGNMENT(.z_device_EARLY[1-9][0-9]_*)))
                0x00000000100048e0                __device_PRE_KERNEL_1_start = .
 *(SORT_BY_NAME(SORT_BY_ALIGNMENT(.z_device_PRE_KERNEL_1[0-9]_*)))
 *(SORT_BY_NAME(SORT_BY_ALIGNMENT(.z_device_PRE_KERNEL_1[1-9][0-9]_*)))
 .z_device_PRE_KERNEL_140_
                0x00000000100048e0       0x18 zephyr/drivers/reset/libdrivers__reset.a(reset_rpi_pico.c.obj)
                0x00000000100048e0                __device_dts_ord_7
 .z_device_PRE_KERNEL_155_
                0x00000000100048f8       0x18 zephyr/drivers/serial/libdrivers__serial.a(uart_rpi_pico.c.obj)
                0x00000000100048f8                __device_dts_ord_40
                0x0000000010004910                __device_PRE_KERNEL_2_start = .
 *(SORT_BY_NAME(SORT_BY_ALIGNMENT(.z_device_PRE_KERNEL_2[0-9]_*)))
 *(SORT_BY_NAME(SORT_BY_ALIGNMENT(.z_device_PRE_KERNEL_2[1-9][0-9]_*)))
                0x0000000010004910                __device_POST_KERNEL_start = .
 *(SORT_BY_NAME(SORT_BY_ALIGNMENT(.z_device_POST_KERNEL[0-9]_*)))
 *(SORT_BY_NAME(SORT_BY_ALIGNMENT(.z_device_POST_KERNEL[1-9][0-9]_*)))
 .z_device_POST_KERNEL40_
                0x0000000010004910       0x18 zephyr/drivers/gpio/libdrivers__gpio.a(gpio_rpi_pico.c.obj)
                0x0000000010004910                __device_dts_ord_15
 .z_device_POST_KERNEL50_
                0x0000000010004928       0x18 zephyr/drivers/adc/libdrivers__adc.a(adc_rpi_pico.c.obj)
                0x0000000010004928                __device_dts_ord_8
                0x0000000010004940                __device_APPLICATION_start = .
 *(SORT_BY_NAME(SORT_BY_ALIGNMENT(.z_device_APPLICATION[0-9]_*)))
 *(SORT_BY_NAME(SORT_BY_ALIGNMENT(.z_device_APPLICATION[1-9][0-9]_*)))
                0x0000000010004940                __device_SMP_start = .
 *(SORT_BY_NAME(SORT_BY_ALIGNMENT(.z_device_SMP[0-9]_*)))
 *(SORT_BY_NAME(SORT_BY_ALIGNMENT(.z_device_SMP[1-9][0-9]_*)))
                0x0000000010004940                __device_end = .

sw_isr_table    0x0000000010004940       0xd0
                0x0000000010004940                . = ALIGN (0x4)
 *(SORT_BY_ALIGNMENT(.gnu.linkonce.sw_isr_table*))
 .gnu.linkonce.sw_isr_table
                0x0000000010004940       0xd0 zephyr/arch/common/libisr_tables.a(isr_tables.c.obj)
                0x0000000010004940                _sw_isr_table

initlevel_error
                0x0000000010004898        0x0
 *(SORT_BY_NAME(SORT_BY_ALIGNMENT(.z_init_[_A-Z0-9]*)))
                0x0000000000000001                ASSERT ((SIZEOF (initlevel_error) == 0x0), Undefined initialization levels used.)

app_shmem_regions
                0x0000000010004a10        0x0
                0x0000000010004a10                __app_shmem_regions_start = .
 *(SORT_BY_NAME(SORT_BY_ALIGNMENT(.app_regions.*)))
                0x0000000010004a10                __app_shmem_regions_end = .

k_p4wq_initparam_area
                0x0000000010004a10        0x0
                0x0000000010004a10                _k_p4wq_initparam_list_start = .
 *(SORT_BY_NAME(SORT_BY_ALIGNMENT(._k_p4wq_initparam.static.*)))
                0x0000000010004a10                _k_p4wq_initparam_list_end = .

_static_thread_data_area
                0x0000000010004a10        0x0
                0x0000000010004a10                __static_thread_data_list_start = .
 *(SORT_BY_NAME(SORT_BY_ALIGNMENT(.__static_thread_data.static.*)))
                0x0000000010004a10                __static_thread_data_list_end = .

device_handles  0x0000000010004a10       0x20
                0x0000000010004a10                __device_handles_start = .
 *(SORT_BY_NAME(SORT_BY_ALIGNMENT(.__device_handles_pass2*)))
 .__device_handles_pass2
                0x0000000010004a10       0x20 zephyr/CMakeFiles/zephyr_pre1.dir/dev_handles.c.obj
                0x0000000010004a10                __devicehdl_dts_ord_8
                0x0000000010004a18                __devicehdl_dts_ord_15
                0x0000000010004a1e                __devicehdl_dts_ord_40
                0x0000000010004a26                __devicehdl_dts_ord_7
                0x0000000010004a30                __device_handles_end = .

ztest           0x0000000010004a30        0x0
                0x0000000010004a30                _ztest_expected_result_entry_list_start = .
 *(SORT_BY_NAME(SORT_BY_ALIGNMENT(._ztest_expected_result_entry.static.*)))
                0x0000000010004a30                _ztest_expected_result_entry_list_end = .
                0x0000000010004a30                _ztest_suite_node_list_start = .
 *(SORT_BY_NAME(SORT_BY_ALIGNMENT(._ztest_suite_node.static.*)))
                0x0000000010004a30                _ztest_suite_node_list_end = .
                0x0000000010004a30                _ztest_unit_test_list_start = .
 *(SORT_BY_NAME(SORT_BY_ALIGNMENT(._ztest_unit_test.static.*)))
                0x0000000010004a30                _ztest_unit_test_list_end = .
                0x0000000010004a30                _ztest_test_rule_list_start = .
 *(SORT_BY_NAME(SORT_BY_ALIGNMENT(._ztest_test_rule.static.*)))
                0x0000000010004a30                _ztest_test_rule_list_end = .

bt_l2cap_fixed_chan_area
                0x0000000010004a30        0x0
                0x0000000010004a30                _bt_l2cap_fixed_chan_list_start = .
 *(SORT_BY_NAME(SORT_BY_ALIGNMENT(._bt_l2cap_fixed_chan.static.*)))
                0x0000000010004a30                _bt_l2cap_fixed_chan_list_end = .

bt_gatt_service_static_area
                0x0000000010004a30        0x0
                0x0000000010004a30                _bt_gatt_service_static_list_start = .
 *(SORT_BY_NAME(SORT_BY_ALIGNMENT(._bt_gatt_service_static.static.*)))
                0x0000000010004a30                _bt_gatt_service_static_list_end = .

log_strings_sections
                0x0000000010004a30        0x0
                0x0000000010004a30                __log_strings_start = .
 *(SORT_BY_NAME(SORT_BY_ALIGNMENT(.log_strings*)))
                0x0000000010004a30                __log_strings_end = .

log_const_sections
                0x0000000010004a30       0x38
                0x0000000010004a30                __log_const_start = .
 *(SORT_BY_NAME(SORT_BY_ALIGNMENT(.log_const_*)))
 .log_const_adc_rpi
                0x0000000010004a30        0x8 zephyr/drivers/adc/libdrivers__adc.a(adc_rpi_pico.c.obj)
                0x0000000010004a30                log_const_adc_rpi
 .log_const_cbprintf_package
                0x0000000010004a38        0x8 zephyr/libzephyr.a(cbprintf_packaged.c.obj)
                0x0000000010004a38                log_const_cbprintf_package
 .log_const_log
                0x0000000010004a40        0x8 zephyr/libzephyr.a(log_core.c.obj)
                0x0000000010004a40                log_const_log
 .log_const_log_mgmt
                0x0000000010004a48        0x8 zephyr/libzephyr.a(log_mgmt.c.obj)
                0x0000000010004a48                log_const_log_mgmt
 .log_const_log_uart
                0x0000000010004a50        0x8 zephyr/libzephyr.a(log_backend_uart.c.obj)
                0x0000000010004a50                log_const_log_uart
 .log_const_os  0x0000000010004a58        0x8 zephyr/kernel/libkernel.a(init.c.obj)
                0x0000000010004a58                log_const_os
 .log_const_soc
                0x0000000010004a60        0x8 zephyr/soc/arm/rpi_pico/rp2/libsoc__arm__rpi_pico__rp2.a(soc.c.obj)
                0x0000000010004a60                log_const_soc
                0x0000000010004a68                __log_const_end = .

log_backend_area
                0x0000000010004a68       0x10
                0x0000000010004a68                _log_backend_list_start = .
 *(SORT_BY_NAME(SORT_BY_ALIGNMENT(._log_backend.static.*)))
 ._log_backend.static.log_backend_uart
                0x0000000010004a68       0x10 zephyr/libzephyr.a(log_backend_uart.c.obj)
                0x0000000010004a78                _log_backend_list_end = .

log_link_area   0x0000000010004a78        0x0
                0x0000000010004a78                _log_link_list_start = .
 *(SORT_BY_NAME(SORT_BY_ALIGNMENT(._log_link.static.*)))
                0x0000000010004a78                _log_link_list_end = .

tracing_backend_area
                0x0000000010004a78        0x0
                0x0000000010004a78                _tracing_backend_list_start = .
 *(SORT_BY_NAME(SORT_BY_ALIGNMENT(._tracing_backend.static.*)))
                0x0000000010004a78                _tracing_backend_list_end = .

zephyr_dbg_info
 *(SORT_BY_ALIGNMENT(.dbg_thread_info))

symbol_to_keep  0x0000000010004a78        0x0
                0x0000000010004a78                __symbol_to_keep_start = .
 *(SORT_BY_NAME(SORT_BY_ALIGNMENT(.symbol_to_keep*)))
                0x0000000010004a78                __symbol_to_keep_end = .

shell_area      0x0000000010004a78        0x0
                0x0000000010004a78                _shell_list_start = .
 *(SORT_BY_NAME(SORT_BY_ALIGNMENT(._shell.static.*)))
                0x0000000010004a78                _shell_list_end = .

shell_root_cmds_sections
                0x0000000010004a78        0x0
                0x0000000010004a78                __shell_root_cmds_start = .
 *(SORT_BY_NAME(SORT_BY_ALIGNMENT(.shell_root_cmd_*)))
                0x0000000010004a78                __shell_root_cmds_end = .

shell_subcmds_sections
                0x0000000010004a78        0x0
                0x0000000010004a78                __shell_subcmds_start = .
 *(SORT_BY_NAME(SORT_BY_ALIGNMENT(.shell_subcmd_*)))
                0x0000000010004a78                __shell_subcmds_end = .

shell_dynamic_subcmds_sections
                0x0000000010004a78        0x0
                0x0000000010004a78                __shell_dynamic_subcmds_start = .
 *(SORT_BY_NAME(SORT_BY_ALIGNMENT(.shell_dynamic_subcmd_*)))
                0x0000000010004a78                __shell_dynamic_subcmds_end = .

font_entry_sections
                0x0000000010004a78        0x0
                0x0000000010004a78                __font_entry_start = .
 *(SORT_BY_NAME(SORT_BY_ALIGNMENT(._cfb_font.*)))
                0x0000000010004a78                __font_entry_end = .

rodata          0x0000000010004a78      0x67c
 *(SORT_BY_ALIGNMENT(.rodata))
 *(SORT_BY_ALIGNMENT(.rodata.*))
 .rodata.adc_channels
                0x0000000010004a78       0x10 app/libapp.a(main.c.obj)
 .rodata.format_table
                0x0000000010004a88       0x10 zephyr/libzephyr.a(log_core.c.obj)
 .rodata.colors
                0x0000000010004a98       0x14 zephyr/libzephyr.a(log_output.c.obj)
 .rodata.severity
                0x0000000010004aac       0x14 zephyr/libzephyr.a(log_output.c.obj)
 .rodata.log_backend_uart_api
                0x0000000010004ac0       0x1c zephyr/libzephyr.a(log_backend_uart.c.obj)
                0x0000000010004ac0                log_backend_uart_api
 .rodata.log_output_uart
                0x0000000010004adc       0x10 zephyr/libzephyr.a(log_backend_uart.c.obj)
 .rodata.adc_rpi_config_0
                0x0000000010004aec        0x8 zephyr/drivers/adc/libdrivers__adc.a(adc_rpi_pico.c.obj)
 .rodata.gpio_rpi_0_config
                0x0000000010004af4        0x8 zephyr/drivers/gpio/libdrivers__gpio.a(gpio_rpi_pico.c.obj)
 .rodata.gpio_rpi_driver_api
                0x0000000010004afc       0x24 zephyr/drivers/gpio/libdrivers__gpio.a(gpio_rpi_pico.c.obj)
 .rodata.reset_rpi_config_0
                0x0000000010004b20        0xc zephyr/drivers/reset/libdrivers__reset.a(reset_rpi_pico.c.obj)
 .rodata.reset_rpi_driver_api
                0x0000000010004b2c       0x10 zephyr/drivers/reset/libdrivers__reset.a(reset_rpi_pico.c.obj)
 .rodata.uart0_rpi_config
                0x0000000010004b3c       0x18 zephyr/drivers/serial/libdrivers__serial.a(uart_rpi_pico.c.obj)
 .rodata.__pinctrl_dev_config__device_dts_ord_40
                0x0000000010004b54        0x8 zephyr/drivers/serial/libdrivers__serial.a(uart_rpi_pico.c.obj)
 .rodata.__pinctrl_states__device_dts_ord_40
                0x0000000010004b5c        0x8 zephyr/drivers/serial/libdrivers__serial.a(uart_rpi_pico.c.obj)
 .rodata.__pinctrl_state_pins_0__device_dts_ord_40
                0x0000000010004b64        0x8 zephyr/drivers/serial/libdrivers__serial.a(uart_rpi_pico.c.obj)
 .rodata.uart_rpi_driver_api
                0x0000000010004b6c       0x4c zephyr/drivers/serial/libdrivers__serial.a(uart_rpi_pico.c.obj)
 .rodata._k_neg_eagain
                0x0000000010004bb8        0x4 zephyr/kernel/libkernel.a(errno.c.obj)
                0x0000000010004bb8                _k_neg_eagain
 .rodata.CSWTCH.10
                0x0000000010004bbc       0x14 zephyr/kernel/libkernel.a(fatal.c.obj)
 .rodata.levels.0
                0x0000000010004bd0       0x18 zephyr/kernel/libkernel.a(init.c.obj)
 .rodata.main.str1.1
                0x0000000010004be8       0xc6 app/libapp.a(main.c.obj)
 .rodata.str1.1
                0x0000000010004cae       0x11 zephyr/libzephyr.a(cbprintf_packaged.c.obj)
 .rodata.z_cbvprintf_impl.str1.1
                0x0000000010004cbf        0x6 zephyr/libzephyr.a(cbprintf_complete.c.obj)
 .rodata.str1.1
                0x0000000010004cc5        0x4 zephyr/libzephyr.a(log_core.c.obj)
 .rodata.str1.1
                0x0000000010004cc9        0x9 zephyr/libzephyr.a(log_mgmt.c.obj)
 .rodata.newline_print.str1.1
                0x0000000010004cd2        0x3 zephyr/libzephyr.a(log_output.c.obj)
                                          0x5 (size before relaxing)
 .rodata.log_output_process.str1.1
                0x0000000010004cd5       0x4f zephyr/libzephyr.a(log_output.c.obj)
                                         0x51 (size before relaxing)
 .rodata.str1.1
                0x0000000010004d24       0x20 zephyr/libzephyr.a(log_output.c.obj)
 .rodata.str1.1
                0x0000000010004d44       0x1a zephyr/libzephyr.a(log_backend_uart.c.obj)
 .rodata.z_arm_fatal_error.str1.1
                0x0000000010004d5e       0x9b zephyr/arch/arch/arm/core/aarch32/libarch__arm__core__aarch32.a(fatal.c.obj)
 .rodata.z_arm_fault.str1.1
                0x0000000010004df9       0x9f zephyr/arch/arch/arm/core/aarch32/cortex_m/libarch__arm__core__aarch32__cortex_m.a(fault.c.obj)
 .rodata.str1.1
                0x0000000010004e98        0x4 zephyr/soc/arm/rpi_pico/rp2/libsoc__arm__rpi_pico__rp2.a(soc.c.obj)
 .rodata.gains.0
                0x0000000010004e9c       0x28 zephyr/drivers/adc/libdrivers__adc.a(adc_common.c.obj)
 .rodata.adc_rpi_channel_setup.str1.1
                0x0000000010004ec4       0x6a zephyr/drivers/adc/libdrivers__adc.a(adc_rpi_pico.c.obj)
 .rodata.adc_rpi_read_async.str1.1
                0x0000000010004f2e       0x55 zephyr/drivers/adc/libdrivers__adc.a(adc_rpi_pico.c.obj)
 .rodata.str1.1
                0x0000000010004f83       0x15 zephyr/drivers/adc/libdrivers__adc.a(adc_rpi_pico.c.obj)
 .rodata.str1.1
                0x0000000010004f98        0xe zephyr/drivers/gpio/libdrivers__gpio.a(gpio_rpi_pico.c.obj)
 .rodata.str1.1
                0x0000000010004fa6       0x1a zephyr/drivers/reset/libdrivers__reset.a(reset_rpi_pico.c.obj)
 .rodata.CSWTCH.19
                0x0000000010004fc0        0x3 zephyr/drivers/serial/libdrivers__serial.a(uart_rpi_pico.c.obj)
 .rodata.str1.1
                0x0000000010004fc3        0xe zephyr/drivers/serial/libdrivers__serial.a(uart_rpi_pico.c.obj)
 .rodata.k_sys_fatal_error_handler.str1.1
                0x0000000010004fd1        0xf zephyr/kernel/libkernel.a(fatal.c.obj)
 .rodata.z_fatal_error.str1.1
                0x0000000010004fe0       0x77 zephyr/kernel/libkernel.a(fatal.c.obj)
 .rodata.str1.1
                0x0000000010005057       0x4a zephyr/kernel/libkernel.a(fatal.c.obj)
 .rodata.z_cstart.str1.1
                0x00000000100050a1        0x5 zephyr/kernel/libkernel.a(init.c.obj)
 .rodata.str1.1
                0x00000000100050a6        0x3 zephyr/kernel/libkernel.a(init.c.obj)
 .rodata.boot_banner.str1.1
                0x00000000100050a9       0x42 zephyr/kernel/libkernel.a(banner.c.obj)
 .rodata.k_sys_work_q_init.str1.1
                0x00000000100050eb        0x9 zephyr/kernel/libkernel.a(system_work_q.c.obj)
 *(SORT_BY_ALIGNMENT(.gnu.linkonce.r.*))
                0x00000000100050f4                . = ALIGN (0x4)
                0x00000000100050f4                __rodata_region_end = .
                0x00000000100050f4                . = ALIGN (_region_min_align)
                0x00000000100050f4                __rom_region_end = ((__rom_region_start + .) - ADDR (rom_start))

/DISCARD/
 *(SORT_BY_ALIGNMENT(.got.plt))
 *(SORT_BY_ALIGNMENT(.igot.plt))
 *(SORT_BY_ALIGNMENT(.got))
 *(SORT_BY_ALIGNMENT(.igot))
                0x0000000020000000                . = 0x20000000
                0x0000000020000000                . = ALIGN (_region_min_align)
                0x0000000020000000                _image_ram_start = .

.ramfunc        0x0000000020000000        0x0 load address 0x00000000100050f4
                0x0000000020000000                . = ALIGN (_region_min_align)
                0x0000000020000000                __ramfunc_start = .
 *(SORT_BY_ALIGNMENT(.ramfunc))
 *(SORT_BY_ALIGNMENT(.ramfunc.*))
                0x0000000020000000                . = ALIGN (_region_min_align)
                0x0000000020000000                __ramfunc_end = .
                0x0000000000000000                __ramfunc_size = (__ramfunc_end - __ramfunc_start)
                0x00000000100050f4                __ramfunc_load_start = LOADADDR (.ramfunc)

datas           0x0000000020000000       0xf0 load address 0x00000000100050f4
                0x0000000020000000                __data_region_start = .
                0x0000000020000000                __data_start = .
 *(SORT_BY_ALIGNMENT(.data))
 *(SORT_BY_ALIGNMENT(.data.*))
 .data.adc_rpi_data_0
                0x0000000020000000       0xb8 zephyr/drivers/adc/libdrivers__adc.a(adc_rpi_pico.c.obj)
 .data.R2       0x00000000200000b8        0x4 app/libapp.a(main.c.obj)
                0x00000000200000b8                R2
 .data._char_out
                0x00000000200000bc        0x4 zephyr/libzephyr.a(printk.c.obj)
                0x00000000200000bc                _char_out
 .data.timestamp_func
                0x00000000200000c0        0x4 zephyr/libzephyr.a(log_core.c.obj)
 .data._stdout_hook
                0x00000000200000c4        0x4 zephyr/lib/libc/minimal/liblib__libc__minimal.a(stdout_console.c.obj)
 .data.adc_rpi_api_0
                0x00000000200000c8       0x10 zephyr/drivers/adc/libdrivers__adc.a(adc_rpi_pico.c.obj)
 .data.uart0_rpi_data
                0x00000000200000d8       0x10 zephyr/drivers/serial/libdrivers__serial.a(uart_rpi_pico.c.obj)
 .data.timeout_list
                0x00000000200000e8        0x8 zephyr/kernel/libkernel.a(timeout.c.obj)
 *(SORT_BY_ALIGNMENT(.kernel.*))
                0x00000000200000f0                __data_end = .
                0x00000000000000f0                __data_size = (__data_end - __data_start)
                0x00000000100050f4                __data_load_start = LOADADDR (datas)
                0x00000000100050f4                __data_region_load_start = LOADADDR (datas)

device_states   0x00000000200000f0        0x8 load address 0x00000000100051e4
                0x00000000200000f0                __device_states_start = .
 *(SORT_BY_ALIGNMENT(.z_devstate))
 .z_devstate    0x00000000200000f0        0x2 zephyr/drivers/adc/libdrivers__adc.a(adc_rpi_pico.c.obj)
 .z_devstate    0x00000000200000f2        0x2 zephyr/drivers/gpio/libdrivers__gpio.a(gpio_rpi_pico.c.obj)
 .z_devstate    0x00000000200000f4        0x2 zephyr/drivers/reset/libdrivers__reset.a(reset_rpi_pico.c.obj)
 .z_devstate    0x00000000200000f6        0x2 zephyr/drivers/serial/libdrivers__serial.a(uart_rpi_pico.c.obj)
 *(SORT_BY_ALIGNMENT(.z_devstate.*))
                0x00000000200000f8                __device_states_end = .

initshell       0x00000000200000f8        0x0 load address 0x00000000100051ec
                0x00000000200000f8                __shell_module_start = .
 *(SORT_BY_ALIGNMENT(.shell_module_*))
                0x00000000200000f8                __shell_module_end = .
                0x00000000200000f8                __shell_cmd_start = .
 *(SORT_BY_ALIGNMENT(.shell_cmd_*))
                0x00000000200000f8                __shell_cmd_end = .

log_mpsc_pbuf_area
                0x00000000200000f8        0x0 load address 0x00000000100051ec
                0x00000000200000f8                _log_mpsc_pbuf_list_start = .
 *(SORT_BY_NAME(SORT_BY_ALIGNMENT(._log_mpsc_pbuf.static.*)))
                0x00000000200000f8                _log_mpsc_pbuf_list_end = .

log_msg_ptr_area
                0x00000000200000f8        0x4 load address 0x00000000100051ec
                0x00000000200000f8                _log_msg_ptr_list_start = .
 *(SORT_BY_NAME(SORT_BY_ALIGNMENT(._log_msg_ptr.static.*)))
 ._log_msg_ptr.static.log_msg_ptr
                0x00000000200000f8        0x4 zephyr/libzephyr.a(log_core.c.obj)
                0x00000000200000fc                _log_msg_ptr_list_end = .

log_dynamic_sections
                0x00000000200000fc        0x0 load address 0x00000000100051f0
                0x00000000200000fc                __log_dynamic_start = .
 *(SORT_BY_NAME(SORT_BY_ALIGNMENT(.log_dynamic_*)))
                0x00000000200000fc                __log_dynamic_end = .

k_timer_area    0x00000000200000fc        0x0 load address 0x00000000100051f0
                0x00000000200000fc                _k_timer_list_start = .
 *(SORT_BY_NAME(SORT_BY_ALIGNMENT(._k_timer.static.*)))
                0x00000000200000fc                _k_timer_list_end = .

k_mem_slab_area
                0x00000000200000fc        0x0 load address 0x00000000100051f0
                0x00000000200000fc                _k_mem_slab_list_start = .
 *(SORT_BY_NAME(SORT_BY_ALIGNMENT(._k_mem_slab.static.*)))
                0x00000000200000fc                _k_mem_slab_list_end = .

k_heap_area     0x00000000200000fc        0x0 load address 0x00000000100051f0
                0x00000000200000fc                _k_heap_list_start = .
 *(SORT_BY_NAME(SORT_BY_ALIGNMENT(._k_heap.static.*)))
                0x00000000200000fc                _k_heap_list_end = .

k_mutex_area    0x00000000200000fc        0x0 load address 0x00000000100051f0
                0x00000000200000fc                _k_mutex_list_start = .
 *(SORT_BY_NAME(SORT_BY_ALIGNMENT(._k_mutex.static.*)))
                0x00000000200000fc                _k_mutex_list_end = .

k_stack_area    0x00000000200000fc        0x0 load address 0x00000000100051f0
                0x00000000200000fc                _k_stack_list_start = .
 *(SORT_BY_NAME(SORT_BY_ALIGNMENT(._k_stack.static.*)))
                0x00000000200000fc                _k_stack_list_end = .

k_msgq_area     0x00000000200000fc        0x0 load address 0x00000000100051f0
                0x00000000200000fc                _k_msgq_list_start = .
 *(SORT_BY_NAME(SORT_BY_ALIGNMENT(._k_msgq.static.*)))
                0x00000000200000fc                _k_msgq_list_end = .

k_mbox_area     0x00000000200000fc        0x0 load address 0x00000000100051f0
                0x00000000200000fc                _k_mbox_list_start = .
 *(SORT_BY_NAME(SORT_BY_ALIGNMENT(._k_mbox.static.*)))
                0x00000000200000fc                _k_mbox_list_end = .

k_pipe_area     0x00000000200000fc        0x0 load address 0x00000000100051f0
                0x00000000200000fc                _k_pipe_list_start = .
 *(SORT_BY_NAME(SORT_BY_ALIGNMENT(._k_pipe.static.*)))
                0x00000000200000fc                _k_pipe_list_end = .

k_sem_area      0x00000000200000fc        0x0 load address 0x00000000100051f0
                0x00000000200000fc                _k_sem_list_start = .
 *(SORT_BY_NAME(SORT_BY_ALIGNMENT(._k_sem.static.*)))
                0x00000000200000fc                _k_sem_list_end = .

k_event_area    0x00000000200000fc        0x0 load address 0x00000000100051f0
                0x00000000200000fc                _k_event_list_start = .
 *(SORT_BY_NAME(SORT_BY_ALIGNMENT(._k_event.static.*)))
                0x00000000200000fc                _k_event_list_end = .

k_queue_area    0x00000000200000fc        0x0 load address 0x00000000100051f0
                0x00000000200000fc                _k_queue_list_start = .
 *(SORT_BY_NAME(SORT_BY_ALIGNMENT(._k_queue.static.*)))
                0x00000000200000fc                _k_queue_list_end = .

k_condvar_area  0x00000000200000fc        0x0 load address 0x00000000100051f0
                0x00000000200000fc                _k_condvar_list_start = .
 *(SORT_BY_NAME(SORT_BY_ALIGNMENT(._k_condvar.static.*)))
                0x00000000200000fc                _k_condvar_list_end = .

_net_buf_pool_area
                0x00000000200000fc        0x0 load address 0x00000000100051f0
                0x00000000200000fc                _net_buf_pool_list = .
 *(SORT_BY_NAME(SORT_BY_ALIGNMENT(._net_buf_pool.static.*)))
                0x00000000200000fc                __data_region_end = .

bss             0x0000000020000100      0x265
                0x0000000020000100                . = ALIGN (0x4)
                0x0000000020000100                __bss_start = .
                0x0000000020000100                __kernel_ram_start = .
 *(SORT_BY_ALIGNMENT(.bss))
 *(SORT_BY_ALIGNMENT(.bss.*))
 .bss.z_idle_threads
                0x0000000020000100       0x78 zephyr/kernel/libkernel.a(init.c.obj)
                0x0000000020000100                z_idle_threads
 .bss.z_main_thread
                0x0000000020000178       0x78 zephyr/kernel/libkernel.a(init.c.obj)
                0x0000000020000178                z_main_thread
 .bss.slice_timeouts
                0x00000000200001f0       0x18 zephyr/kernel/libkernel.a(sched.c.obj)
 .bss.curr_tick
                0x0000000020000208        0x8 zephyr/kernel/libkernel.a(timeout.c.obj)
 .bss.k_sys_work_q
                0x0000000020000210       0x98 zephyr/kernel/libkernel.a(system_work_q.c.obj)
                0x0000000020000210                k_sys_work_q
 .bss.dropped_cnt
                0x00000000200002a8        0x4 zephyr/libzephyr.a(log_core.c.obj)
 .bss.buffered_cnt
                0x00000000200002ac        0x4 zephyr/libzephyr.a(log_core.c.obj)
 .bss.initialized
                0x00000000200002b0        0x4 zephyr/libzephyr.a(log_core.c.obj)
 .bss.timestamp_div
                0x00000000200002b4        0x4 zephyr/libzephyr.a(log_output.c.obj)
 .bss.freq      0x00000000200002b8        0x4 zephyr/libzephyr.a(log_output.c.obj)
 .bss.backend_cb_log_backend_uart
                0x00000000200002bc        0x8 zephyr/libzephyr.a(log_backend_uart.c.obj)
 .bss.log_output_uart_control_block
                0x00000000200002c4        0xc zephyr/libzephyr.a(log_backend_uart.c.obj)
 .bss.log_format_current
                0x00000000200002d0        0x4 zephyr/libzephyr.a(log_backend_uart.c.obj)
 .bss.gpio_rpi_0_data
                0x00000000200002d4       0x18 zephyr/drivers/gpio/libdrivers__gpio.a(gpio_rpi_pico.c.obj)
 .bss.overflow_cyc
                0x00000000200002ec        0x4 zephyr/drivers/timer/libdrivers__timer.a(cortex_m_systick.c.obj)
 .bss.announced_cycles
                0x00000000200002f0        0x4 zephyr/drivers/timer/libdrivers__timer.a(cortex_m_systick.c.obj)
 .bss.cycle_count
                0x00000000200002f4        0x4 zephyr/drivers/timer/libdrivers__timer.a(cortex_m_systick.c.obj)
 .bss.last_load
                0x00000000200002f8        0x4 zephyr/drivers/timer/libdrivers__timer.a(cortex_m_systick.c.obj)
 .bss.configured_freq
                0x00000000200002fc       0x28 modules/hal_rpi_pico/libmodules__hal_rpi_pico.a(clocks.c.obj)
 .bss._kernel   0x0000000020000324       0x20 zephyr/kernel/libkernel.a(init.c.obj)
                0x0000000020000324                _kernel
 .bss.pending_current
                0x0000000020000344        0x4 zephyr/kernel/libkernel.a(sched.c.obj)
 .bss.slice_max_prio
                0x0000000020000348        0x4 zephyr/kernel/libkernel.a(sched.c.obj)
 .bss.slice_ticks
                0x000000002000034c        0x4 zephyr/kernel/libkernel.a(sched.c.obj)
 .bss.announce_remaining
                0x0000000020000350        0x4 zephyr/kernel/libkernel.a(timeout.c.obj)
 .bss.pending_cancels
                0x0000000020000354        0x8 zephyr/kernel/libkernel.a(work.c.obj)
 .bss.uart_char_to_line_feed
                0x000000002000035c        0x4 modules/hal_rpi_pico/libmodules__hal_rpi_pico.a(uart.c.obj)
                0x000000002000035c                uart_char_to_line_feed
 .bss.panic_mode
                0x0000000020000360        0x1 zephyr/libzephyr.a(log_core.c.obj)
 .bss.uart_output_buf
                0x0000000020000361        0x1 zephyr/libzephyr.a(log_backend_uart.c.obj)
 .bss.in_panic  0x0000000020000362        0x1 zephyr/libzephyr.a(log_backend_uart.c.obj)
 .bss.z_sys_post_kernel
                0x0000000020000363        0x1 zephyr/kernel/libkernel.a(init.c.obj)
                0x0000000020000363                z_sys_post_kernel
 .bss.lock      0x0000000020000364        0x0 zephyr/kernel/libkernel.a(sem.c.obj)
 .bss.slice_expired
                0x0000000020000364        0x1 zephyr/kernel/libkernel.a(sched.c.obj)
 .bss.sched_spinlock
                0x0000000020000365        0x0 zephyr/kernel/libkernel.a(sched.c.obj)
                0x0000000020000365                sched_spinlock
 .bss.lock      0x0000000020000365        0x0 zephyr/kernel/libkernel.a(poll.c.obj)
 .bss.lock      0x0000000020000365        0x0 zephyr/kernel/libkernel.a(work.c.obj)
 *(SORT_BY_ALIGNMENT(COMMON))
 *(SORT_BY_ALIGNMENT(.kernel_bss.*))
                0x0000000020000368                __bss_end = ALIGN (0x4)

noinit          0x0000000020000368     0x1100
 *(SORT_BY_ALIGNMENT(.noinit))
 *(SORT_BY_ALIGNMENT(.noinit.*))
 .noinit."WEST_TOPDIR/zephyr/kernel/init.c".2
                0x0000000020000368      0x800 zephyr/kernel/libkernel.a(init.c.obj)
                0x0000000020000368                z_interrupt_stacks
 .noinit."WEST_TOPDIR/zephyr/kernel/init.c".1
                0x0000000020000b68      0x100 zephyr/kernel/libkernel.a(init.c.obj)
 .noinit."WEST_TOPDIR/zephyr/kernel/init.c".0
                0x0000000020000c68      0x400 zephyr/kernel/libkernel.a(init.c.obj)
                0x0000000020000c68                z_main_stack
 .noinit."WEST_TOPDIR/zephyr/kernel/system_work_q.c".0
                0x0000000020001068      0x400 zephyr/kernel/libkernel.a(system_work_q.c.obj)
 *(SORT_BY_ALIGNMENT(.kernel_noinit.*))
                0x0000000020001468                _image_ram_end = .
                0x0000000020001468                _end = .
                0x0000000020042000                __kernel_ram_end = 0x20042000
                0x0000000000041f00                __kernel_ram_size = (__kernel_ram_end - __kernel_ram_start)

.intList        0x00000000fffff800       0x38
 *(SORT_BY_ALIGNMENT(.irq_info*))
 .irq_info      0x00000000fffff800        0x8 zephyr/arch/common/libisr_tables.a(isr_tables.c.obj)
                0x00000000fffff800                _iheader
 *(SORT_BY_ALIGNMENT(.intList*))
 .intList       0x00000000fffff808       0x10 zephyr/drivers/adc/libdrivers__adc.a(adc_rpi_pico.c.obj)
 .intList       0x00000000fffff818       0x10 zephyr/drivers/gpio/libdrivers__gpio.a(gpio_rpi_pico.c.obj)
 .intList       0x00000000fffff828       0x10 zephyr/drivers/serial/libdrivers__serial.a(uart_rpi_pico.c.obj)

.stab
 *(SORT_BY_ALIGNMENT(.stab))

.stabstr
 *(SORT_BY_ALIGNMENT(.stabstr))

.stab.excl
 *(SORT_BY_ALIGNMENT(.stab.excl))

.stab.exclstr
 *(SORT_BY_ALIGNMENT(.stab.exclstr))

.stab.index
 *(SORT_BY_ALIGNMENT(.stab.index))

.stab.indexstr
 *(SORT_BY_ALIGNMENT(.stab.indexstr))

.gnu.build.attributes
 *(SORT_BY_ALIGNMENT(.gnu.build.attributes) SORT_BY_ALIGNMENT(.gnu.build.attributes.*))

.comment        0x0000000000000000       0x20
 *(SORT_BY_ALIGNMENT(.comment))
 .comment       0x0000000000000000       0x20 zephyr/CMakeFiles/zephyr_pre1.dir/dev_handles.c.obj
                                         0x21 (size before relaxing)
 .comment       0x0000000000000020       0x21 zephyr/CMakeFiles/offsets.dir/./arch/arm/core/offsets/offsets.c.obj
 .comment       0x0000000000000020       0x21 app/libapp.a(main.c.obj)
 .comment       0x0000000000000020       0x21 zephyr/libzephyr.a(cbprintf_packaged.c.obj)
 .comment       0x0000000000000020       0x21 zephyr/libzephyr.a(printk.c.obj)
 .comment       0x0000000000000020       0x21 zephyr/libzephyr.a(thread_entry.c.obj)
 .comment       0x0000000000000020       0x21 zephyr/libzephyr.a(cbprintf_complete.c.obj)
 .comment       0x0000000000000020       0x21 zephyr/libzephyr.a(configs.c.obj)
 .comment       0x0000000000000020       0x21 zephyr/libzephyr.a(log_core.c.obj)
 .comment       0x0000000000000020       0x21 zephyr/libzephyr.a(log_mgmt.c.obj)
 .comment       0x0000000000000020       0x21 zephyr/libzephyr.a(log_msg.c.obj)
 .comment       0x0000000000000020       0x21 zephyr/libzephyr.a(log_output.c.obj)
 .comment       0x0000000000000020       0x21 zephyr/libzephyr.a(log_backend_uart.c.obj)
 .comment       0x0000000000000020       0x21 zephyr/arch/arch/arm/core/aarch32/libarch__arm__core__aarch32.a(fatal.c.obj)
 .comment       0x0000000000000020       0x21 zephyr/arch/arch/arm/core/aarch32/libarch__arm__core__aarch32.a(irq_manage.c.obj)
 .comment       0x0000000000000020       0x21 zephyr/arch/arch/arm/core/aarch32/libarch__arm__core__aarch32.a(nmi.c.obj)
 .comment       0x0000000000000020       0x21 zephyr/arch/arch/arm/core/aarch32/libarch__arm__core__aarch32.a(prep_c.c.obj)
 .comment       0x0000000000000020       0x21 zephyr/arch/arch/arm/core/aarch32/libarch__arm__core__aarch32.a(swap.c.obj)
 .comment       0x0000000000000020       0x21 zephyr/arch/arch/arm/core/aarch32/libarch__arm__core__aarch32.a(thread.c.obj)
 .comment       0x0000000000000020       0x21 zephyr/arch/arch/arm/core/aarch32/cortex_m/libarch__arm__core__aarch32__cortex_m.a(fault.c.obj)
 .comment       0x0000000000000020       0x21 zephyr/arch/arch/arm/core/aarch32/cortex_m/libarch__arm__core__aarch32__cortex_m.a(irq_init.c.obj)
 .comment       0x0000000000000020       0x21 zephyr/arch/arch/arm/core/aarch32/cortex_m/libarch__arm__core__aarch32__cortex_m.a(thread_abort.c.obj)
 .comment       0x0000000000000020       0x21 zephyr/lib/libc/minimal/liblib__libc__minimal.a(string.c.obj)
 .comment       0x0000000000000020       0x21 zephyr/lib/libc/minimal/liblib__libc__minimal.a(stdout_console.c.obj)
 .comment       0x0000000000000020       0x21 zephyr/soc/arm/rpi_pico/rp2/libsoc__arm__rpi_pico__rp2.a(soc.c.obj)
 .comment       0x0000000000000020       0x21 zephyr/drivers/adc/libdrivers__adc.a(adc_common.c.obj)
 .comment       0x0000000000000020       0x21 zephyr/drivers/adc/libdrivers__adc.a(adc_rpi_pico.c.obj)
 .comment       0x0000000000000020       0x21 zephyr/drivers/console/libdrivers__console.a(uart_console.c.obj)
 .comment       0x0000000000000020       0x21 zephyr/drivers/gpio/libdrivers__gpio.a(gpio_rpi_pico.c.obj)
 .comment       0x0000000000000020       0x21 zephyr/drivers/pinctrl/libdrivers__pinctrl.a(common.c.obj)
 .comment       0x0000000000000020       0x21 zephyr/drivers/pinctrl/libdrivers__pinctrl.a(pinctrl_rpi_pico.c.obj)
 .comment       0x0000000000000020       0x21 zephyr/drivers/reset/libdrivers__reset.a(reset_rpi_pico.c.obj)
 .comment       0x0000000000000020       0x21 zephyr/drivers/serial/libdrivers__serial.a(uart_rpi_pico.c.obj)
 .comment       0x0000000000000020       0x21 zephyr/drivers/timer/libdrivers__timer.a(cortex_m_systick.c.obj)
 .comment       0x0000000000000020       0x21 modules/hal_rpi_pico/libmodules__hal_rpi_pico.a(clocks.c.obj)
 .comment       0x0000000000000020       0x21 modules/hal_rpi_pico/libmodules__hal_rpi_pico.a(pll.c.obj)
 .comment       0x0000000000000020       0x21 modules/hal_rpi_pico/libmodules__hal_rpi_pico.a(xosc.c.obj)
 .comment       0x0000000000000020       0x21 modules/hal_rpi_pico/libmodules__hal_rpi_pico.a(watchdog.c.obj)
 .comment       0x0000000000000020       0x21 modules/hal_rpi_pico/libmodules__hal_rpi_pico.a(platform.c.obj)
 .comment       0x0000000000000020       0x21 modules/hal_rpi_pico/libmodules__hal_rpi_pico.a(gpio.c.obj)
 .comment       0x0000000000000020       0x21 modules/hal_rpi_pico/libmodules__hal_rpi_pico.a(uart.c.obj)
 .comment       0x0000000000000020       0x21 zephyr/kernel/libkernel.a(device.c.obj)
 .comment       0x0000000000000020       0x21 zephyr/kernel/libkernel.a(errno.c.obj)
 .comment       0x0000000000000020       0x21 zephyr/kernel/libkernel.a(fatal.c.obj)
 .comment       0x0000000000000020       0x21 zephyr/kernel/libkernel.a(init.c.obj)
 .comment       0x0000000000000020       0x21 zephyr/kernel/libkernel.a(thread.c.obj)
 .comment       0x0000000000000020       0x21 zephyr/kernel/libkernel.a(idle.c.obj)
 .comment       0x0000000000000020       0x21 zephyr/kernel/libkernel.a(sem.c.obj)
 .comment       0x0000000000000020       0x21 zephyr/kernel/libkernel.a(sched.c.obj)
 .comment       0x0000000000000020       0x21 zephyr/kernel/libkernel.a(xip.c.obj)
 .comment       0x0000000000000020       0x21 zephyr/kernel/libkernel.a(timeout.c.obj)
 .comment       0x0000000000000020       0x21 zephyr/kernel/libkernel.a(timer.c.obj)
 .comment       0x0000000000000020       0x21 zephyr/kernel/libkernel.a(atomic_c.c.obj)
 .comment       0x0000000000000020       0x21 zephyr/kernel/libkernel.a(poll.c.obj)
 .comment       0x0000000000000020       0x21 zephyr/kernel/libkernel.a(banner.c.obj)
 .comment       0x0000000000000020       0x21 zephyr/kernel/libkernel.a(system_work_q.c.obj)
 .comment       0x0000000000000020       0x21 zephyr/kernel/libkernel.a(work.c.obj)
 .comment       0x0000000000000020       0x21 zephyr/arch/common/libisr_tables.a(isr_tables.c.obj)

.debug
 *(SORT_BY_ALIGNMENT(.debug))

.line
 *(SORT_BY_ALIGNMENT(.line))

.debug_srcinfo
 *(SORT_BY_ALIGNMENT(.debug_srcinfo))

.debug_sfnames
 *(SORT_BY_ALIGNMENT(.debug_sfnames))

.debug_aranges  0x0000000000000000     0x1508
 *(SORT_BY_ALIGNMENT(.debug_aranges))
 .debug_aranges
                0x0000000000000000       0x30 zephyr/arch/arch/arm/core/aarch32/libarch__arm__core__aarch32.a(cpu_idle.S.obj)
 .debug_aranges
                0x0000000000000030       0x20 zephyr/arch/arch/arm/core/aarch32/libarch__arm__core__aarch32.a(nmi_on_reset.S.obj)
 .debug_aranges
                0x0000000000000050       0x28 zephyr/arch/arch/arm/core/aarch32/libarch__arm__core__aarch32.a(swap_helper.S.obj)
 .debug_aranges
                0x0000000000000078       0x20 zephyr/arch/arch/arm/core/aarch32/libarch__arm__core__aarch32.a(isr_wrapper.S.obj)
 .debug_aranges
                0x0000000000000098       0x20 zephyr/arch/arch/arm/core/aarch32/cortex_m/libarch__arm__core__aarch32__cortex_m.a(exc_exit.S.obj)
 .debug_aranges
                0x00000000000000b8       0x20 zephyr/arch/arch/arm/core/aarch32/cortex_m/libarch__arm__core__aarch32__cortex_m.a(fault_s.S.obj)
 .debug_aranges
                0x00000000000000d8       0x20 zephyr/arch/arch/arm/core/aarch32/cortex_m/libarch__arm__core__aarch32__cortex_m.a(reset.S.obj)
 .debug_aranges
                0x00000000000000f8       0x18 zephyr/CMakeFiles/zephyr_pre1.dir/dev_handles.c.obj
 .debug_aranges
                0x0000000000000110       0x20 zephyr/CMakeFiles/offsets.dir/./arch/arm/core/offsets/offsets.c.obj
 .debug_aranges
                0x0000000000000130       0x38 app/libapp.a(main.c.obj)
 .debug_aranges
                0x0000000000000168       0x48 zephyr/libzephyr.a(cbprintf_packaged.c.obj)
 .debug_aranges
                0x00000000000001b0       0x60 zephyr/libzephyr.a(printk.c.obj)
 .debug_aranges
                0x0000000000000210       0x20 zephyr/libzephyr.a(thread_entry.c.obj)
 .debug_aranges
                0x0000000000000230       0x30 zephyr/libzephyr.a(cbprintf_complete.c.obj)
 .debug_aranges
                0x0000000000000260       0x20 zephyr/libzephyr.a(configs.c.obj)
 .debug_aranges
                0x0000000000000280      0x150 zephyr/libzephyr.a(log_core.c.obj)
 .debug_aranges
                0x00000000000003d0       0xa8 zephyr/libzephyr.a(log_mgmt.c.obj)
 .debug_aranges
                0x0000000000000478       0x40 zephyr/libzephyr.a(log_msg.c.obj)
 .debug_aranges
                0x00000000000004b8       0x78 zephyr/libzephyr.a(log_output.c.obj)
 .debug_aranges
                0x0000000000000530       0x40 zephyr/libzephyr.a(log_backend_uart.c.obj)
 .debug_aranges
                0x0000000000000570       0x38 zephyr/arch/arch/arm/core/aarch32/libarch__arm__core__aarch32.a(fatal.c.obj)
 .debug_aranges
                0x00000000000005a8       0x40 zephyr/arch/arch/arm/core/aarch32/libarch__arm__core__aarch32.a(irq_manage.c.obj)
 .debug_aranges
                0x00000000000005e8       0x20 zephyr/arch/arch/arm/core/aarch32/libarch__arm__core__aarch32.a(nmi.c.obj)
 .debug_aranges
                0x0000000000000608       0x20 zephyr/arch/arch/arm/core/aarch32/libarch__arm__core__aarch32.a(prep_c.c.obj)
 .debug_aranges
                0x0000000000000628       0x20 zephyr/arch/arch/arm/core/aarch32/libarch__arm__core__aarch32.a(swap.c.obj)
 .debug_aranges
                0x0000000000000648       0x28 zephyr/arch/arch/arm/core/aarch32/libarch__arm__core__aarch32.a(thread.c.obj)
 .debug_aranges
                0x0000000000000670       0x30 zephyr/arch/arch/arm/core/aarch32/cortex_m/libarch__arm__core__aarch32__cortex_m.a(fault.c.obj)
 .debug_aranges
                0x00000000000006a0       0x20 zephyr/arch/arch/arm/core/aarch32/cortex_m/libarch__arm__core__aarch32__cortex_m.a(irq_init.c.obj)
 .debug_aranges
                0x00000000000006c0       0x20 zephyr/arch/arch/arm/core/aarch32/cortex_m/libarch__arm__core__aarch32__cortex_m.a(thread_abort.c.obj)
 .debug_aranges
                0x00000000000006e0       0x98 zephyr/lib/libc/minimal/liblib__libc__minimal.a(string.c.obj)
 .debug_aranges
                0x0000000000000778       0x58 zephyr/lib/libc/minimal/liblib__libc__minimal.a(stdout_console.c.obj)
 .debug_aranges
                0x00000000000007d0       0x28 zephyr/soc/arm/rpi_pico/rp2/libsoc__arm__rpi_pico__rp2.a(soc.c.obj)
 .debug_aranges
                0x00000000000007f8       0x20 zephyr/drivers/adc/libdrivers__adc.a(adc_common.c.obj)
 .debug_aranges
                0x0000000000000818       0x68 zephyr/drivers/adc/libdrivers__adc.a(adc_rpi_pico.c.obj)
 .debug_aranges
                0x0000000000000880       0x30 zephyr/drivers/console/libdrivers__console.a(uart_console.c.obj)
 .debug_aranges
                0x00000000000008b0       0x70 zephyr/drivers/gpio/libdrivers__gpio.a(gpio_rpi_pico.c.obj)
 .debug_aranges
                0x0000000000000920       0x20 zephyr/drivers/pinctrl/libdrivers__pinctrl.a(common.c.obj)
 .debug_aranges
                0x0000000000000940       0x20 zephyr/drivers/pinctrl/libdrivers__pinctrl.a(pinctrl_rpi_pico.c.obj)
 .debug_aranges
                0x0000000000000960       0x50 zephyr/drivers/reset/libdrivers__reset.a(reset_rpi_pico.c.obj)
 .debug_aranges
                0x00000000000009b0       0xd0 zephyr/drivers/serial/libdrivers__serial.a(uart_rpi_pico.c.obj)
 .debug_aranges
                0x0000000000000a80       0x58 zephyr/drivers/timer/libdrivers__timer.a(cortex_m_systick.c.obj)
 .debug_aranges
                0x0000000000000ad8       0x68 modules/hal_rpi_pico/libmodules__hal_rpi_pico.a(clocks.c.obj)
 .debug_aranges
                0x0000000000000b40       0x28 modules/hal_rpi_pico/libmodules__hal_rpi_pico.a(pll.c.obj)
 .debug_aranges
                0x0000000000000b68       0x30 modules/hal_rpi_pico/libmodules__hal_rpi_pico.a(xosc.c.obj)
 .debug_aranges
                0x0000000000000b98       0x58 modules/hal_rpi_pico/libmodules__hal_rpi_pico.a(watchdog.c.obj)
 .debug_aranges
                0x0000000000000bf0       0x28 modules/hal_rpi_pico/libmodules__hal_rpi_pico.a(platform.c.obj)
 .debug_aranges
                0x0000000000000c18       0xf8 modules/hal_rpi_pico/libmodules__hal_rpi_pico.a(gpio.c.obj)
 .debug_aranges
                0x0000000000000d10       0x40 modules/hal_rpi_pico/libmodules__hal_rpi_pico.a(uart.c.obj)
 .debug_aranges
                0x0000000000000d50       0x50 zephyr/kernel/libkernel.a(device.c.obj)
 .debug_aranges
                0x0000000000000da0       0x20 zephyr/kernel/libkernel.a(errno.c.obj)
 .debug_aranges
                0x0000000000000dc0       0x68 zephyr/kernel/libkernel.a(fatal.c.obj)